Component: Arm Compiler for Embedded 6.24 Tool: armlink [5f371500]

==============================================================================

Section Cross References

    startup_stm32l432xx.o(STACK) refers (Special) to heapauxi.o(.text) for __use_two_region_memory
    startup_stm32l432xx.o(HEAP) refers (Special) to heapauxi.o(.text) for __use_two_region_memory
    startup_stm32l432xx.o(RESET) refers (Special) to heapauxi.o(.text) for __use_two_region_memory
    startup_stm32l432xx.o(RESET) refers to startup_stm32l432xx.o(STACK) for __initial_sp
    startup_stm32l432xx.o(RESET) refers to startup_stm32l432xx.o(.text) for Reset_Handler
    startup_stm32l432xx.o(RESET) refers to stm32l4xx_it.o(.text.NMI_Handler) for NMI_Handler
    startup_stm32l432xx.o(RESET) refers to stm32l4xx_it.o(.text.HardFault_Handler) for HardFault_Handler
    startup_stm32l432xx.o(RESET) refers to stm32l4xx_it.o(.text.MemManage_Handler) for MemManage_Handler
    startup_stm32l432xx.o(RESET) refers to stm32l4xx_it.o(.text.BusFault_Handler) for BusFault_Handler
    startup_stm32l432xx.o(RESET) refers to stm32l4xx_it.o(.text.UsageFault_Handler) for UsageFault_Handler
    startup_stm32l432xx.o(RESET) refers to port.o(.text.SVC_Handler) for SVC_Handler
    startup_stm32l432xx.o(RESET) refers to stm32l4xx_it.o(.text.DebugMon_Handler) for DebugMon_Handler
    startup_stm32l432xx.o(RESET) refers to port.o(.text.PendSV_Handler) for PendSV_Handler
    startup_stm32l432xx.o(RESET) refers to cmsis_os2.o(.text.SysTick_Handler) for SysTick_Handler
    startup_stm32l432xx.o(RESET) refers to stm32l4xx_it.o(.text.EXTI0_IRQHandler) for EXTI0_IRQHandler
    startup_stm32l432xx.o(RESET) refers to stm32l4xx_it.o(.text.TIM1_UP_TIM16_IRQHandler) for TIM1_UP_TIM16_IRQHandler
    startup_stm32l432xx.o(RESET) refers to stm32l4xx_it.o(.text.TIM2_IRQHandler) for TIM2_IRQHandler
    startup_stm32l432xx.o(RESET) refers to stm32l4xx_it.o(.text.USART2_IRQHandler) for USART2_IRQHandler
    startup_stm32l432xx.o(.text) refers (Special) to heapauxi.o(.text) for __use_two_region_memory
    startup_stm32l432xx.o(.text) refers to system_stm32l4xx.o(.text.SystemInit) for SystemInit
    startup_stm32l432xx.o(.text) refers to __main.o(!!!main) for __main
    startup_stm32l432xx.o(.text) refers to startup_stm32l432xx.o(HEAP) for Heap_Mem
    startup_stm32l432xx.o(.text) refers to startup_stm32l432xx.o(STACK) for Stack_Mem
    main.o(.text) refers (Special) to _printf_percent.o(.ARM.Collect$$_printf_percent$$00000000) for _printf_percent
    main.o(.text) refers (Special) to _printf_pad.o(.text) for _printf_pre_padding
    main.o(.text) refers (Special) to _printf_s.o(.ARM.Collect$$_printf_percent$$00000014) for _printf_s
    main.o(.text) refers (Special) to _printf_x.o(.ARM.Collect$$_printf_percent$$0000000C) for _printf_x
    main.o(.text) refers (Special) to _printf_d.o(.ARM.Collect$$_printf_percent$$00000009) for _printf_d
    main.o(.text) refers (Special) to _printf_dec.o(.text) for _printf_int_dec
    main.o(.text) refers (Special) to _printf_hex_int.o(.text) for _printf_longlong_hex
    main.o(.text) refers (Special) to _printf_str.o(.text) for _printf_str
    main.o(.text) refers (Special) to _scanf_int.o(.text) for _scanf_int
    main.o(.text.UART2_Print) refers (Special) to _printf_percent.o(.ARM.Collect$$_printf_percent$$00000000) for _printf_percent
    main.o(.text.UART2_Print) refers (Special) to _printf_pad.o(.text) for _printf_pre_padding
    main.o(.text.UART2_Print) refers (Special) to _printf_s.o(.ARM.Collect$$_printf_percent$$00000014) for _printf_s
    main.o(.text.UART2_Print) refers (Special) to _printf_x.o(.ARM.Collect$$_printf_percent$$0000000C) for _printf_x
    main.o(.text.UART2_Print) refers (Special) to _printf_d.o(.ARM.Collect$$_printf_percent$$00000009) for _printf_d
    main.o(.text.UART2_Print) refers (Special) to _printf_dec.o(.text) for _printf_int_dec
    main.o(.text.UART2_Print) refers (Special) to _printf_hex_int.o(.text) for _printf_longlong_hex
    main.o(.text.UART2_Print) refers (Special) to _printf_str.o(.text) for _printf_str
    main.o(.text.UART2_Print) refers (Special) to _scanf_int.o(.text) for _scanf_int
    main.o(.text.UART2_Print) refers to strlen.o(.text) for strlen
    main.o(.text.UART2_Print) refers to main.o(.bss.huart2) for huart2
    main.o(.text.UART2_Print) refers to stm32l4xx_hal_uart.o(.text.HAL_UART_Transmit) for HAL_UART_Transmit
    main.o(.ARM.exidx.text.UART2_Print) refers (Special) to _printf_percent.o(.ARM.Collect$$_printf_percent$$00000000) for _printf_percent
    main.o(.ARM.exidx.text.UART2_Print) refers (Special) to _printf_pad.o(.text) for _printf_pre_padding
    main.o(.ARM.exidx.text.UART2_Print) refers (Special) to _printf_s.o(.ARM.Collect$$_printf_percent$$00000014) for _printf_s
    main.o(.ARM.exidx.text.UART2_Print) refers (Special) to _printf_x.o(.ARM.Collect$$_printf_percent$$0000000C) for _printf_x
[...]
    [Anonymous Symbol]                       0x08008b38   Section        0  main.o(.rodata.str1.4)
    locale$$data                             0x08008b68   Section      272  lc_ctype_c.o(locale$$data)
    __lcctype_c_name                         0x08008b6c   Data           2  lc_ctype_c.o(locale$$data)
    __lcctype_c_start                        0x08008b74   Data           0  lc_ctype_c.o(locale$$data)
    __lcctype_c_end                          0x08008c78   Data           0  lc_ctype_c.o(locale$$data)
    .L_MergedGlobals                         0x20000000   Data           8  stm32l4xx_hal.o(.data..L_MergedGlobals)
    [Anonymous Symbol]                       0x20000000   Section        0  stm32l4xx_hal.o(.data..L_MergedGlobals)
    uxCriticalNesting                        0x2000000c   Data           4  port.o(.data.uxCriticalNesting)
    [Anonymous Symbol]                       0x2000000c   Section        0  port.o(.data.uxCriticalNesting)
    .bss                                     0x20000010   Section       96  libspace.o(.bss)
    .L_MergedGlobals                         0x20000070   Data          84  main.o(.bss..L_MergedGlobals)
    [Anonymous Symbol]                       0x20000070   Section        0  main.o(.bss..L_MergedGlobals)
    .L_MergedGlobals                         0x200000c4   Data         120  tasks.o(.bss..L_MergedGlobals)
    [Anonymous Symbol]                       0x200000c4   Section        0  tasks.o(.bss..L_MergedGlobals)
    uxTaskNumber                             0x200000c8   Data           4  tasks.o(.bss..L_MergedGlobals)
    uxDeletedTasksWaitingCleanUp             0x200000cc   Data           4  tasks.o(.bss..L_MergedGlobals)
    uxCurrentNumberOfTasks                   0x200000d0   Data           4  tasks.o(.bss..L_MergedGlobals)
    xSchedulerRunning                        0x200000d4   Data           4  tasks.o(.bss..L_MergedGlobals)
    uxSchedulerSuspended                     0x200000d8   Data           4  tasks.o(.bss..L_MergedGlobals)
    xTickCount                               0x200000dc   Data           4  tasks.o(.bss..L_MergedGlobals)
    pxDelayedTaskList                        0x200000e0   Data           4  tasks.o(.bss..L_MergedGlobals)
    pxOverflowDelayedTaskList                0x200000e4   Data           4  tasks.o(.bss..L_MergedGlobals)
    uxTopReadyPriority                       0x200000e8   Data           4  tasks.o(.bss..L_MergedGlobals)
    xIdleTaskHandle                          0x200000ec   Data           4  tasks.o(.bss..L_MergedGlobals)
    xNextTaskUnblockTime                     0x200000f0   Data           4  tasks.o(.bss..L_MergedGlobals)
    xYieldPending                            0x200000f4   Data           4  tasks.o(.bss..L_MergedGlobals)
    xPendedTicks                             0x200000f8   Data           4  tasks.o(.bss..L_MergedGlobals)
    xNumOfOverflows                          0x200000fc   Data           4  tasks.o(.bss..L_MergedGlobals)
    xTasksWaitingTermination                 0x20000100   Data          20  tasks.o(.bss..L_MergedGlobals)
    xSuspendedTaskList                       0x20000114   Data          20  tasks.o(.bss..L_MergedGlobals)
    xPendingReadyList                        0x20000128   Data          20  tasks.o(.bss..L_MergedGlobals)
    .L_MergedGlobals                         0x2000013c   Data          60  timers.o(.bss..L_MergedGlobals)
    xTimerQueue                              0x2000013c   Data           4  timers.o(.bss..L_MergedGlobals)
    [Anonymous Symbol]                       0x2000013c   Section        0  timers.o(.bss..L_MergedGlobals)
    xTimerTaskHandle                         0x20000140   Data           4  timers.o(.bss..L_MergedGlobals)
    pxCurrentTimerList                       0x20000144   Data           4  timers.o(.bss..L_MergedGlobals)
    pxOverflowTimerList                      0x20000148   Data           4  timers.o(.bss..L_MergedGlobals)
    prvSampleTimeNow.xLastTime               0x2000014c   Data           4  timers.o(.bss..L_MergedGlobals)
    xActiveTimerList1                        0x20000150   Data          20  timers.o(.bss..L_MergedGlobals)
    xActiveTimerList2                        0x20000164   Data          20  timers.o(.bss..L_MergedGlobals)
    .L_MergedGlobals                         0x20000178   Data          32  heap_4.o(.bss..L_MergedGlobals)
    xBlockAllocatedBit                       0x20000178   Data           1  heap_4.o(.bss..L_MergedGlobals)
    [Anonymous Symbol]                       0x20000178   Section        0  heap_4.o(.bss..L_MergedGlobals)
    pxEnd                                    0x2000017c   Data           4  heap_4.o(.bss..L_MergedGlobals)
    xFreeBytesRemaining                      0x20000180   Data           4  heap_4.o(.bss..L_MergedGlobals)
    xMinimumEverFreeBytesRemaining           0x20000184   Data           4  heap_4.o(.bss..L_MergedGlobals)
    xNumberOfSuccessfulAllocations           0x20000188   Data           4  heap_4.o(.bss..L_MergedGlobals)
    xNumberOfSuccessfulFrees                 0x2000018c   Data           4  heap_4.o(.bss..L_MergedGlobals)
    xStart                                   0x20000190   Data           8  heap_4.o(.bss..L_MergedGlobals)
    .L_MergedGlobals                         0x20000198   Data           8  port.o(.bss..L_MergedGlobals)
    ucMaxSysCallPriority                     0x20000198   Data           1  port.o(.bss..L_MergedGlobals)
    [Anonymous Symbol]                       0x20000198   Section        0  port.o(.bss..L_MergedGlobals)
    ulMaxPRIGROUPValue                       0x2000019c   Data           4  port.o(.bss..L_MergedGlobals)
    .L_MergedGlobals.2                       0x200001a0   Data          40  tasks.o(.bss..L_MergedGlobals.2)
    xDelayedTaskList1                        0x200001a0   Data          20  tasks.o(.bss..L_MergedGlobals.2)
    [Anonymous Symbol]                       0x200001a0   Section        0  tasks.o(.bss..L_MergedGlobals.2)
    xDelayedTaskList2                        0x200001b4   Data          20  tasks.o(.bss..L_MergedGlobals.2)
    KernelState                              0x200001c8   Data           4  cmsis_os2.o(.bss.KernelState)
    [Anonymous Symbol]                       0x200001c8   Section        0  cmsis_os2.o(.bss.KernelState)
    prvCheckForValidListAndQueue.ucStaticTimerQueueStorage 0x20000424   Data         160  timers.o(.bss.prvCheckForValidListAndQueue.ucStaticTimerQueueStorage)
    [Anonymous Symbol]                       0x20000424   Section        0  timers.o(.bss.prvCheckForValidListAndQueue.ucStaticTimerQueueStorage)
    prvCheckForValidListAndQueue.xStaticTimerQueue 0x200004c4   Data          80  timers.o(.bss.prvCheckForValidListAndQueue.xStaticTimerQueue)
    [Anonymous Symbol]                       0x200004c4   Section        0  timers.o(.bss.prvCheckForValidListAndQueue.xStaticTimerQueue)
    pxReadyTasksLists                        0x20000514   Data        1120  tasks.o(.bss.pxReadyTasksLists)
    [Anonymous Symbol]                       0x20000514   Section        0  tasks.o(.bss.pxReadyTasksLists)
    ucHeap                                   0x20000974   Data        3000  heap_4.o(.bss.ucHeap)
    [Anonymous Symbol]                       0x20000974   Section        0  heap_4.o(.bss.ucHeap)
    vApplicationGetIdleTaskMemory.Idle_Stack 0x20001530   Data         512  cmsis_os2.o(.bss.vApplicationGetIdleTaskMemory.Idle_Stack)
    [Anonymous Symbol]                       0x20001530   Section        0  cmsis_os2.o(.bss.vApplicationGetIdleTaskMemory.Idle_Stack)
    vApplicationGetIdleTaskMemory.Idle_TCB   0x20001730   Data          92  cmsis_os2.o(.bss.vApplicationGetIdleTaskMemory.Idle_TCB)
    [Anonymous Symbol]                       0x20001730   Section        0  cmsis_os2.o(.bss.vApplicationGetIdleTaskMemory.Idle_TCB)
    vApplicationGetTimerTaskMemory.Timer_Stack 0x2000178c   Data        1024  cmsis_os2.o(.bss.vApplicationGetTimerTaskMemory.Timer_Stack)
    [Anonymous Symbol]                       0x2000178c   Section        0  cmsis_os2.o(.bss.vApplicationGetTimerTaskMemory.Timer_Stack)
    vApplicationGetTimerTaskMemory.Timer_TCB 0x20001b8c   Data          92  cmsis_os2.o(.bss.vApplicationGetTimerTaskMemory.Timer_TCB)
    [Anonymous Symbol]                       0x20001b8c   Section        0  cmsis_os2.o(.bss.vApplicationGetTimerTaskMemory.Timer_TCB)
    Heap_Mem                                 0x20001c28   Data         512  startup_stm32l432xx.o(HEAP)
    HEAP                                     0x20001c28   Section      512  startup_stm32l432xx.o(HEAP)
    Stack_Mem                                0x20001e28   Data        1024  startup_stm32l432xx.o(STACK)
    STACK                                    0x20001e28   Section     1024  startup_stm32l432xx.o(STACK)
    __initial_sp                             0x20002228   Data           0  startup_stm32l432xx.o(STACK)

    Global Symbols

    Symbol Name                              Value     Ov Type        Size  Object(Section)

    BuildAttributes$$THM_ISAv4$E$P$D$K$B$S$7EM$VFPi3$EXTD16$VFPS$VFMA$PE$A:L22UL41UL21$X:L11$S22US41US21$IEEE1$IW$~IW$USESV6$~STKCKD$USESV7$~SHL$OTIME$ROPI$EBA8$UX$STANDARDLIB$REQ8$PRES8$EABIv2 0x00000000   Number         0  anon$$obj.o ABSOLUTE
    _printf_flags                            0x00000000   Number         0  printf_stubs.o ABSOLUTE
    _printf_return_value                     0x00000000   Number         0  printf_stubs.o ABSOLUTE
    _printf_sizespec                         0x00000000   Number         0  printf_stubs.o ABSOLUTE
    _printf_widthprec                        0x00000000   Number         0  printf_stubs.o ABSOLUTE
    __ARM_exceptions_init                     - Undefined Weak Reference
    __alloca_initialize                       - Undefined Weak Reference
    __arm_preinit_                            - Undefined Weak Reference
    __arm_relocate_pie_                       - Undefined Weak Reference
    __cpp_initialize__aeabi_                  - Undefined Weak Reference
    __cxa_finalize                            - Undefined Weak Reference
    __sigvec_lookup                           - Undefined Weak Reference
    _atexit_init                              - Undefined Weak Reference
    _call_atexit_fns                          - Undefined Weak Reference
    _clock_init                               - Undefined Weak Reference
    _fp_trap_init                             - Undefined Weak Reference
    _fp_trap_shutdown                         - Undefined Weak Reference
    _get_lc_collate                           - Undefined Weak Reference
    _get_lc_monetary                          - Undefined Weak Reference
    _get_lc_numeric                           - Undefined Weak Reference
    _get_lc_time                              - Undefined Weak Reference
    _getenv_init                              - Undefined Weak Reference
    _handle_redirection                       - Undefined Weak Reference
    _init_alloc                               - Undefined Weak Reference
    _init_user_alloc                          - Undefined Weak Reference
    _initio                                   - Undefined Weak Reference
    _printf_mbtowc                            - Undefined Weak Reference
    _printf_truncate_signed                   - Undefined Weak Reference
    _printf_truncate_unsigned                 - Undefined Weak Reference
    _rand_init                                - Undefined Weak Reference
    _scanf_longlong                           - Undefined Weak Reference
    _scanf_mbtowc                             - Undefined Weak Reference
    _scanf_real                               - Undefined Weak Reference
    _scanf_string                             - Undefined Weak Reference
    _scanf_wctomb                             - Undefined Weak Reference
    _scanf_wstring                            - Undefined Weak Reference
    _signal_finish                            - Undefined Weak Reference
    _signal_init                              - Undefined Weak Reference
    _terminate_alloc                          - Undefined Weak Reference
    _terminate_user_alloc                     - Undefined Weak Reference
    _terminateio                              - Undefined Weak Reference
    __Vectors_Size                           0x0000018c   Number         0  startup_stm32l432xx.o ABSOLUTE
    __Vectors                                0x08000000   Data           4  startup_stm32l432xx.o(RESET)
    __Vectors_End                            0x0800018c   Data           0  startup_stm32l432xx.o(RESET)
    __main                                   0x0800018d   Thumb Code     8  __main.o(!!!main)
    __scatterload                            0x08000195   Thumb Code     0  __scatter.o(!!!scatter)
    __scatterload_rt2                        0x08000195   Thumb Code    84  __scatter.o(!!!scatter)
    __scatterload_rt2_thumb_only             0x08000195   Thumb Code     0  __scatter.o(!!!scatter)
    __scatterload_loop                       0x0800019f   Thumb Code     0  __scatter.o(!!!scatter)
    __scatterload_copy                       0x080001f1   Thumb Code    26  __scatter_copy.o(!!handler_copy)
    __scatterload_null                       0x0800020d   Thumb Code     2  __scatter.o(!!handler_null)
    __scatterload_zeroinit                   0x08000211   Thumb Code    28  __scatter_zi.o(!!handler_zi)
    _printf_d                                0x0800022d   Thumb Code     0  _printf_d.o(.ARM.Collect$$_printf_percent$$00000009)
    _printf_percent                          0x0800022d   Thumb Code     0  _printf_percent.o(.ARM.Collect$$_printf_percent$$00000000)
    _printf_x                                0x08000233   Thumb Code     0  _printf_x.o(.ARM.Collect$$_printf_percent$$0000000C)
    _printf_s                                0x08000239   Thumb Code     0  _printf_s.o(.ARM.Collect$$_printf_percent$$00000014)
    _printf_percent_end                      0x0800023f   Thumb Code     0  _printf_percent_end.o(.ARM.Collect$$_printf_percent$$00000017)
    __rt_lib_init                            0x08000243   Thumb Code     0  libinit.o(.ARM.Collect$$libinit$$00000000)
    __rt_lib_init_fp_1                       0x08000245   Thumb Code     0  libinit2.o(.ARM.Collect$$libinit$$00000001)
    __rt_lib_init_heap_1                     0x08000249   Thumb Code     0  libinit2.o(.ARM.Collect$$libinit$$0000000C)
    __rt_lib_init_lc_common                  0x08000249   Thumb Code     0  libinit2.o(.ARM.Collect$$libinit$$00000011)
    __rt_lib_init_preinit_1                  0x08000249   Thumb Code     0  libinit2.o(.ARM.Collect$$libinit$$00000006)
    __rt_lib_init_rand_1                     0x08000249   Thumb Code     0  libinit2.o(.ARM.Collect$$libinit$$00000010)
    __rt_lib_init_relocate_pie_1             0x08000249   Thumb Code     0  libinit2.o(.ARM.Collect$$libinit$$00000004)
    __rt_lib_init_user_alloc_1               0x08000249   Thumb Code     0  libinit2.o(.ARM.Collect$$libinit$$0000000E)
    __rt_lib_init_lc_collate_1               0x0800024f   Thumb Code     0  libinit2.o(.ARM.Collect$$libinit$$00000013)
    __rt_lib_init_lc_ctype_2                 0x0800024f   Thumb Code     0  libinit2.o(.ARM.Collect$$libinit$$00000014)
    __rt_lib_init_alloca_1                   0x0800025b   Thumb Code     0  libinit2.o(.ARM.Collect$$libinit$$00000030)
    __rt_lib_init_argv_1                     0x0800025b   Thumb Code     0  libinit2.o(.ARM.Collect$$libinit$$0000002E)
    __rt_lib_init_atexit_1                   0x0800025b   Thumb Code     0  libinit2.o(.ARM.Collect$$libinit$$0000001D)
    __rt_lib_init_clock_1                    0x0800025b   Thumb Code     0  libinit2.o(.ARM.Collect$$libinit$$00000023)
    __rt_lib_init_cpp_1                      0x0800025b   Thumb Code     0  libinit2.o(.ARM.Collect$$libinit$$00000034)
    __rt_lib_init_exceptions_1               0x0800025b   Thumb Code     0  libinit2.o(.ARM.Collect$$libinit$$00000032)
    __rt_lib_init_fp_trap_1                  0x0800025b   Thumb Code     0  libinit2.o(.ARM.Collect$$libinit$$00000021)
    __rt_lib_init_getenv_1                   0x0800025b   Thumb Code     0  libinit2.o(.ARM.Collect$$libinit$$00000025)
    __rt_lib_init_lc_ctype_1                 0x0800025b   Thumb Code     0  libinit2.o(.ARM.Collect$$libinit$$00000015)
    __rt_lib_init_lc_monetary_1              0x0800025b   Thumb Code     0  libinit2.o(.ARM.Collect$$libinit$$00000017)
    __rt_lib_init_lc_numeric_1               0x0800025b   Thumb Code     0  libinit2.o(.ARM.Collect$$libinit$$00000019)
    __rt_lib_init_lc_time_1                  0x0800025b   Thumb Code     0  libinit2.o(.ARM.Collect$$libinit$$0000001B)
    __rt_lib_init_return                     0x0800025b   Thumb Code     0  libinit2.o(.ARM.Collect$$libinit$$00000035)
    __rt_lib_init_signal_1                   0x0800025b   Thumb Code     0  libinit2.o(.ARM.Collect$$libinit$$0000001F)
    __rt_lib_init_stdio_1                    0x0800025b   Thumb Code     0  libinit2.o(.ARM.Collect$$libinit$$00000027)
    __rt_lib_shutdown                        0x0800025d   Thumb Code     0  libshutdown.o(.ARM.Collect$$libshutdown$$00000000)
    __rt_lib_shutdown_cpp_1                  0x0800025f   Thumb Code     0  libshutdown2.o(.ARM.Collect$$libshutdown$$00000002)
    __rt_lib_shutdown_fp_trap_1              0x0800025f   Thumb Code     0  libshutdown2.o(.ARM.Collect$$libshutdown$$00000007)
    __rt_lib_shutdown_heap_1                 0x0800025f   Thumb Code     0  libshutdown2.o(.ARM.Collect$$libshutdown$$0000000F)
    __rt_lib_shutdown_return                 0x0800025f   Thumb Code     0  libshutdown2.o(.ARM.Collect$$libshutdown$$00000010)
    __rt_lib_shutdown_signal_1               0x0800025f   Thumb Code     0  libshutdown2.o(.ARM.Collect$$libshutdown$$0000000A)
    __rt_lib_shutdown_stdio_1                0x0800025f   Thumb Code     0  libshutdown2.o(.ARM.Collect$$libshutdown$$00000004)
    __rt_lib_shutdown_user_alloc_1           0x0800025f   Thumb Code     0  libshutdown2.o(.ARM.Collect$$libshutdown$$0000000C)
    __rt_entry                               0x08000261   Thumb Code     0  __rtentry.o(.ARM.Collect$$rtentry$$00000000)
    __rt_entry_presh_1                       0x08000261   Thumb Code     0  __rtentry2.o(.ARM.Collect$$rtentry$$00000002)
    __rt_entry_sh                            0x08000261   Thumb Code     0  __rtentry4.o(.ARM.Collect$$rtentry$$00000004)
    __rt_entry_li                            0x08000267   Thumb Code     0  __rtentry2.o(.ARM.Collect$$rtentry$$0000000A)
    __rt_entry_postsh_1                      0x08000267   Thumb Code     0  __rtentry2.o(.ARM.Collect$$rtentry$$00000009)
    __rt_entry_main                          0x0800026b   Thumb Code     0  __rtentry2.o(.ARM.Collect$$rtentry$$0000000D)
    __rt_entry_postli_1                      0x0800026b   Thumb Code     0  __rtentry2.o(.ARM.Collect$$rtentry$$0000000C)
    __rt_exit                                0x08000273   Thumb Code     0  rtexit.o(.ARM.Collect$$rtexit$$00000000)
    __rt_exit_ls                             0x08000275   Thumb Code     0  rtexit2.o(.ARM.Collect$$rtexit$$00000003)
    __rt_exit_prels_1                        0x08000275   Thumb Code     0  rtexit2.o(.ARM.Collect$$rtexit$$00000002)
    __rt_exit_exit                           0x08000279   Thumb Code     0  rtexit2.o(.ARM.Collect$$rtexit$$00000004)
    Reset_Handler                            0x08000281   Thumb Code     8  startup_stm32l432xx.o(.text)
    ADC1_IRQHandler                          0x0800029b   Thumb Code     0  startup_stm32l432xx.o(.text)
    CAN1_RX0_IRQHandler                      0x0800029b   Thumb Code     0  startup_stm32l432xx.o(.text)
    CAN1_RX1_IRQHandler                      0x0800029b   Thumb Code     0  startup_stm32l432xx.o(.text)
    CAN1_SCE_IRQHandler                      0x0800029b   Thumb Code     0  startup_stm32l432xx.o(.text)
    CAN1_TX_IRQHandler                       0x0800029b   Thumb Code     0  startup_stm32l432xx.o(.text)
    COMP_IRQHandler                          0x0800029b   Thumb Code     0  startup_stm32l432xx.o(.text)
    CRS_IRQHandler                           0x0800029b   Thumb Code     0  startup_stm32l432xx.o(.text)
    DMA1_Channel1_IRQHandler                 0x0800029b   Thumb Code     0  startup_stm32l432xx.o(.text)
    DMA1_Channel2_IRQHandler                 0x0800029b   Thumb Code     0  startup_stm32l432xx.o(.text)
    DMA1_Channel3_IRQHandler                 0x0800029b   Thumb Code     0  startup_stm32l432xx.o(.text)
    DMA1_Channel4_IRQHandler                 0x0800029b   Thumb Code     0  startup_stm32l432xx.o(.text)
    DMA1_Channel5_IRQHandler                 0x0800029b   Thumb Code     0  startup_stm32l432xx.o(.text)
    DMA1_Channel6_IRQHandler                 0x0800029b   Thumb Code     0  startup_stm32l432xx.o(.text)
    DMA1_Channel7_IRQHandler                 0x0800029b   Thumb Code     0  startup_stm32l432xx.o(.text)
    DMA2_Channel1_IRQHandler                 0x0800029b   Thumb Code     0  startup_stm32l432xx.o(.text)
    DMA2_Channel2_IRQHandler                 0x0800029b   Thumb Code     0  startup_stm32l432xx.o(.text)
    DMA2_Channel3_IRQHandler                 0x0800029b   Thumb Code     0  startup_stm32l432xx.o(.text)
    DMA2_Channel4_IRQHandler                 0x0800029b   Thumb Code     0  startup_stm32l432xx.o(.text)
    DMA2_Channel5_IRQHandler                 0x0800029b   Thumb Code     0  startup_stm32l432xx.o(.text)
    DMA2_Channel6_IRQHandler                 0x0800029b   Thumb Code     0  startup_stm32l432xx.o(.text)
    DMA2_Channel7_IRQHandler                 0x0800029b   Thumb Code     0  startup_stm32l432xx.o(.text)
    EXTI15_10_IRQHandler                     0x0800029b   Thumb Code     0  startup_stm32l432xx.o(.text)
    EXTI1_IRQHandler                         0x0800029b   Thumb Code     0  startup_stm32l432xx.o(.text)
    EXTI2_IRQHandler                         0x0800029b   Thumb Code     0  startup_stm32l432xx.o(.text)
    EXTI3_IRQHandler                         0x0800029b   Thumb Code     0  startup_stm32l432xx.o(.text)
    EXTI4_IRQHandler                         0x0800029b   Thumb Code     0  startup_stm32l432xx.o(.text)
    EXTI9_5_IRQHandler                       0x0800029b   Thumb Code     0  startup_stm32l432xx.o(.text)
    FLASH_IRQHandler                         0x0800029b   Thumb Code     0  startup_stm32l432xx.o(.text)
    FPU_IRQHandler                           0x0800029b   Thumb Code     0  startup_stm32l432xx.o(.text)
    I2C1_ER_IRQHandler                       0x0800029b   Thumb Code     0  startup_stm32l432xx.o(.text)
    I2C1_EV_IRQHandler                       0x0800029b   Thumb Code     0  startup_stm32l432xx.o(.text)
    I2C3_ER_IRQHandler                       0x0800029b   Thumb Code     0  startup_stm32l432xx.o(.text)
    I2C3_EV_IRQHandler                       0x0800029b   Thumb Code     0  startup_stm32l432xx.o(.text)
    LPTIM1_IRQHandler                        0x0800029b   Thumb Code     0  startup_stm32l432xx.o(.text)
    LPTIM2_IRQHandler                        0x0800029b   Thumb Code     0  startup_stm32l432xx.o(.text)
    LPUART1_IRQHandler                       0x0800029b   Thumb Code     0  startup_stm32l432xx.o(.text)
    PVD_PVM_IRQHandler                       0x0800029b   Thumb Code     0  startup_stm32l432xx.o(.text)
    QUADSPI_IRQHandler                       0x0800029b   Thumb Code     0  startup_stm32l432xx.o(.text)
    RCC_IRQHandler                           0x0800029b   Thumb Code     0  startup_stm32l432xx.o(.text)
    RNG_IRQHandler                           0x0800029b   Thumb Code     0  startup_stm32l432xx.o(.text)
    RTC_Alarm_IRQHandler                     0x0800029b   Thumb Code     0  startup_stm32l432xx.o(.text)
    RTC_WKUP_IRQHandler                      0x0800029b   Thumb Code     0  startup_stm32l432xx.o(.text)
    SAI1_IRQHandler                          0x0800029b   Thumb Code     0  startup_stm32l432xx.o(.text)
    SPI1_IRQHandler                          0x0800029b   Thumb Code     0  startup_stm32l432xx.o(.text)
    SPI3_IRQHandler                          0x0800029b   Thumb Code     0  startup_stm32l432xx.o(.text)
    SWPMI1_IRQHandler                        0x0800029b   Thumb Code     0  startup_stm32l432xx.o(.text)
    TAMP_STAMP_IRQHandler                    0x0800029b   Thumb Code     0  startup_stm32l432xx.o(.text)
    TIM1_BRK_TIM15_IRQHandler                0x0800029b   Thumb Code     0  startup_stm32l432xx.o(.text)
    TIM1_CC_IRQHandler                       0x0800029b   Thumb Code     0  startup_stm32l432xx.o(.text)
    TIM1_TRG_COM_IRQHandler                  0x0800029b   Thumb Code     0  startup_stm32l432xx.o(.text)
    TIM6_DAC_IRQHandler                      0x0800029b   Thumb Code     0  startup_stm32l432xx.o(.text)
    TIM7_IRQHandler                          0x0800029b   Thumb Code     0  startup_stm32l432xx.o(.text)
    TSC_IRQHandler                           0x0800029b   Thumb Code     0  startup_stm32l432xx.o(.text)
    USART1_IRQHandler                        0x0800029b   Thumb Code     0  startup_stm32l432xx.o(.text)
    USB_IRQHandler                           0x0800029b   Thumb Code     0  startup_stm32l432xx.o(.text)
    WWDG_IRQHandler                          0x0800029b   Thumb Code     0  startup_stm32l432xx.o(.text)
    __user_initial_stackheap                 0x0800029d   Thumb Code     0  startup_stm32l432xx.o(.text)
    __aeabi_uldivmod                         0x080002c1   Thumb Code     0  lludivv7m.o(.text)
    _ll_udiv                                 0x080002c1   Thumb Code   240  lludivv7m.o(.text)
    __2snprintf                              0x080003b1   Thumb Code    58  __2snprintf.o(.text)
    _printf_pre_padding                      0x080003f1   Thumb Code    44  _printf_pad.o(.text)
    _printf_post_padding                     0x0800041d   Thumb Code    34  _printf_pad.o(.text)
    _printf_str                              0x0800043f   Thumb Code    82  _printf_str.o(.text)
    _printf_int_dec                          0x08000491   Thumb Code   104  _printf_dec.o(.text)
    _printf_int_hex                          0x08000509   Thumb Code    84  _printf_hex_int.o(.text)
    _printf_longlong_hex                     0x08000509   Thumb Code     0  _printf_hex_int.o(.text)
    __printf                                 0x08000561   Thumb Code   308  __printf_flags_wp.o(.text)
    __0sscanf                                0x080006a1   Thumb Code    52  __0sscanf.o(.text)
    _scanf_int                               0x080006dd   Thumb Code   332  _scanf_int.o(.text)
    strchr                                   0x0800082f   Thumb Code    20  strchr.o(.text)
    strlen                                   0x08000843   Thumb Code    62  strlen.o(.text)
    __aeabi_memcpy                           0x08000881   Thumb Code     0  rt_memcpy_v6.o(.text)
    __rt_memcpy                              0x08000881   Thumb Code   138  rt_memcpy_v6.o(.text)
    _memcpy_lastbytes                        0x080008e7   Thumb Code     0  rt_memcpy_v6.o(.text)
    __aeabi_memset4                          0x0800090b   Thumb Code    16  aeabi_memset4.o(.text)
    __aeabi_memset8                          0x0800090b   Thumb Code     0  aeabi_memset4.o(.text)
    __aeabi_memclr4                          0x0800091b   Thumb Code     0  rt_memclr_w.o(.text)
    __aeabi_memclr8                          0x0800091b   Thumb Code     0  rt_memclr_w.o(.text)
    __rt_memclr_w                            0x0800091b   Thumb Code     0  rt_memclr_w.o(.text)
    _memset_w                                0x0800091f   Thumb Code    74  rt_memclr_w.o(.text)
    __use_two_region_memory                  0x08000969   Thumb Code     2  heapauxi.o(.text)
    __rt_heap_escrow$2region                 0x0800096b   Thumb Code     2  heapauxi.o(.text)
    __rt_heap_expand$2region                 0x0800096d   Thumb Code     2  heapauxi.o(.text)
    _printf_int_common                       0x0800096f   Thumb Code   178  _printf_intcommon.o(.text)
    _printf_char_common                      0x08000a2b   Thumb Code    32  _printf_char_common.o(.text)
    _snputc                                  0x08000a51   Thumb Code    16  _snputc.o(.text)
    _printf_cs_common                        0x08000a61   Thumb Code    20  _printf_char.o(.text)
    _printf_char                             0x08000a75   Thumb Code    16  _printf_char.o(.text)
    _printf_string                           0x08000a85   Thumb Code     8  _printf_char.o(.text)
    _chval                                   0x08000a8d   Thumb Code    28  _chval.o(.text)
    __vfscanf_char                           0x08000ab5   Thumb Code    24  scanf_char.o(.text)
    _sgetc                                   0x08000ad5   Thumb Code    30  _sgetc.o(.text)
    _sbackspace                              0x08000af3   Thumb Code    34  _sgetc.o(.text)
    __aeabi_memcpy4                          0x08000b15   Thumb Code     0  rt_memcpy_w.o(.text)
    __aeabi_memcpy8                          0x08000b15   Thumb Code     0  rt_memcpy_w.o(.text)
    __rt_memcpy_w                            0x08000b15   Thumb Code   100  rt_memcpy_w.o(.text)
    _memcpy_lastbytes_aligned                0x08000b5d   Thumb Code     0  rt_memcpy_w.o(.text)
    isspace                                  0x08000b79   Thumb Code    18  isspace.o(.text)
    __vfscanf                                0x08000b8d   Thumb Code   878  _scanf.o(.text)
    __user_setup_stackheap                   0x08000f07   Thumb Code    74  sys_stackheap_outer.o(.text)
    __rt_ctype_table                         0x08000f51   Thumb Code    16  rt_ctype_table.o(.text)
    exit                                     0x08000f61   Thumb Code    18  exit.o(.text)
    __user_libspace                          0x08000f75   Thumb Code     8  libspace.o(.text)
    __user_perproc_libspace                  0x08000f75   Thumb Code     0  libspace.o(.text)
    __user_perthread_libspace                0x08000f75   Thumb Code     0  libspace.o(.text)
    __rt_locale                              0x08000f7d   Thumb Code     8  rt_locale_intlibspace.o(.text)
    _sys_exit                                0x08000f85   Thumb Code     8  sys_exit.o(.text)
    strcmp                                   0x08000f91   Thumb Code   124  strcmpv7em.o(.text)
    __I$use$semihosting                      0x0800100d   Thumb Code     0  use_no_semi.o(.text)
    __use_no_semihosting_swi                 0x0800100d   Thumb Code     2  use_no_semi.o(.text)
    __semihosting_library_function           0x0800100f   Thumb Code     0  indicate_semi.o(.text)
    AdvanceToNextDose                        0x08001011   Thumb Code   572  main.o(.text.AdvanceToNextDose)
    BT_ProcessCommand                        0x0800128d   Thumb Code   644  main.o(.text.BT_ProcessCommand)
    BusFault_Handler                         0x08001599   Thumb Code     2  stm32l4xx_it.o(.text.BusFault_Handler)
    DebugMon_Handler                         0x0800159d   Thumb Code     2  stm32l4xx_it.o(.text.DebugMon_Handler)
    EXTI0_IRQHandler                         0x080015a1   Thumb Code     6  stm32l4xx_it.o(.text.EXTI0_IRQHandler)
    Error_Handler                            0x080015a9   Thumb Code    10  main.o(.text.Error_Handler)
    HAL_ADC_ConfigChannel                    0x080015b5   Thumb Code   844  stm32l4xx_hal_adc.o(.text.HAL_ADC_ConfigChannel)
    HAL_ADC_Init                             0x08001911   Thumb Code   486  stm32l4xx_hal_adc.o(.text.HAL_ADC_Init)
    HAL_ADC_MspInit                          0x08001af9   Thumb Code   166  stm32l4xx_hal_msp.o(.text.HAL_ADC_MspInit)
    HAL_DMA_Abort                            0x08001ba1   Thumb Code    74  stm32l4xx_hal_dma.o(.text.HAL_DMA_Abort)
    HAL_DMA_Abort_IT                         0x08001bed   Thumb Code    84  stm32l4xx_hal_dma.o(.text.HAL_DMA_Abort_IT)
    HAL_Delay                                0x08001c41   Thumb Code    40  stm32l4xx_hal.o(.text.HAL_Delay)
    HAL_GPIO_EXTI_Callback                   0x08001c69   Thumb Code     2  stm32l4xx_hal_gpio.o(.text.HAL_GPIO_EXTI_Callback)
    HAL_GPIO_EXTI_IRQHandler                 0x08001c6d   Thumb Code    22  stm32l4xx_hal_gpio.o(.text.HAL_GPIO_EXTI_IRQHandler)
    HAL_GPIO_Init                            0x08001c85   Thumb Code   434  stm32l4xx_hal_gpio.o(.text.HAL_GPIO_Init)
    HAL_GPIO_ReadPin                         0x08001e3d   Thumb Code    10  stm32l4xx_hal_gpio.o(.text.HAL_GPIO_ReadPin)
    HAL_GPIO_WritePin                        0x08001e49   Thumb Code    12  stm32l4xx_hal_gpio.o(.text.HAL_GPIO_WritePin)
    HAL_GetTick                              0x08001e55   Thumb Code    12  stm32l4xx_hal.o(.text.HAL_GetTick)
    HAL_I2CEx_ConfigAnalogFilter             0x08001e61   Thumb Code    74  stm32l4xx_hal_i2c_ex.o(.text.HAL_I2CEx_ConfigAnalogFilter)
    HAL_I2CEx_ConfigDigitalFilter            0x08001ead   Thumb Code    72  stm32l4xx_hal_i2c_ex.o(.text.HAL_I2CEx_ConfigDigitalFilter)
    HAL_I2C_Init                             0x08001ef5   Thumb Code   164  stm32l4xx_hal_i2c.o(.text.HAL_I2C_Init)
    HAL_I2C_IsDeviceReady                    0x08001f99   Thumb Code   446  stm32l4xx_hal_i2c.o(.text.HAL_I2C_IsDeviceReady)
    HAL_I2C_Master_Transmit                  0x0800215d   Thumb Code   496  stm32l4xx_hal_i2c.o(.text.HAL_I2C_Master_Transmit)
    HAL_I2C_Mem_Read                         0x08002355   Thumb Code   748  stm32l4xx_hal_i2c.o(.text.HAL_I2C_Mem_Read)
    HAL_I2C_Mem_Write                        0x08002649   Thumb Code   676  stm32l4xx_hal_i2c.o(.text.HAL_I2C_Mem_Write)
    HAL_I2C_MspInit                          0x080028f5   Thumb Code   146  stm32l4xx_hal_msp.o(.text.HAL_I2C_MspInit)
    HAL_IncTick                              0x08002989   Thumb Code    26  stm32l4xx_hal.o(.text.HAL_IncTick)
    HAL_Init                                 0x080029a5   Thumb Code    30  stm32l4xx_hal.o(.text.HAL_Init)
    HAL_InitTick                             0x080029c5   Thumb Code   140  stm32l4xx_hal_timebase_tim.o(.text.HAL_InitTick)
    HAL_MspInit                              0x08002a51   Thumb Code    60  stm32l4xx_hal_msp.o(.text.HAL_MspInit)
    HAL_NVIC_EnableIRQ                       0x08002a8d   Thumb Code    34  stm32l4xx_hal_cortex.o(.text.HAL_NVIC_EnableIRQ)
    HAL_NVIC_SetPriority                     0x08002ab1   Thumb Code    86  stm32l4xx_hal_cortex.o(.text.HAL_NVIC_SetPriority)
    HAL_NVIC_SetPriorityGrouping             0x08002b09   Thumb Code    32  stm32l4xx_hal_cortex.o(.text.HAL_NVIC_SetPriorityGrouping)
    HAL_PWREx_ControlVoltageScaling          0x08002b29   Thumb Code   140  stm32l4xx_hal_pwr_ex.o(.text.HAL_PWREx_ControlVoltageScaling)
    HAL_PWREx_GetVoltageRange                0x08002bb5   Thumb Code    16  stm32l4xx_hal_pwr_ex.o(.text.HAL_PWREx_GetVoltageRange)
    HAL_PWR_EnableBkUpAccess                 0x08002bc5   Thumb Code    18  stm32l4xx_hal_pwr.o(.text.HAL_PWR_EnableBkUpAccess)
    HAL_RCCEx_EnableMSIPLLMode               0x08002bd9   Thumb Code    18  stm32l4xx_hal_rcc_ex.o(.text.HAL_RCCEx_EnableMSIPLLMode)
    HAL_RCCEx_PeriphCLKConfig                0x08002bed   Thumb Code   644  stm32l4xx_hal_rcc_ex.o(.text.HAL_RCCEx_PeriphCLKConfig)
    HAL_RCC_ClockConfig                      0x08002e71   Thumb Code   574  stm32l4xx_hal_rcc.o(.text.HAL_RCC_ClockConfig)
    HAL_RCC_GetClockConfig                   0x080030b1   Thumb Code    66  stm32l4xx_hal_rcc.o(.text.HAL_RCC_GetClockConfig)
    HAL_RCC_GetPCLK1Freq                     0x080030f5   Thumb Code    42  stm32l4xx_hal_rcc.o(.text.HAL_RCC_GetPCLK1Freq)
    HAL_RCC_GetPCLK2Freq                     0x08003121   Thumb Code    42  stm32l4xx_hal_rcc.o(.text.HAL_RCC_GetPCLK2Freq)
    HAL_RCC_GetSysClockFreq                  0x0800314d   Thumb Code   198  stm32l4xx_hal_rcc.o(.text.HAL_RCC_GetSysClockFreq)
    HAL_RCC_OscConfig                        0x08003215   Thumb Code  2036  stm32l4xx_hal_rcc.o(.text.HAL_RCC_OscConfig)
    HAL_TIMEx_Break2Callback                 0x08003a09   Thumb Code     2  stm32l4xx_hal_tim_ex.o(.text.HAL_TIMEx_Break2Callback)
    HAL_TIMEx_BreakCallback                  0x08003a0d   Thumb Code     2  stm32l4xx_hal_tim_ex.o(.text.HAL_TIMEx_BreakCallback)
    HAL_TIMEx_CommutCallback                 0x08003a11   Thumb Code     2  stm32l4xx_hal_tim_ex.o(.text.HAL_TIMEx_CommutCallback)
    HAL_TIMEx_MasterConfigSynchronization    0x08003a15   Thumb Code   108  stm32l4xx_hal_tim_ex.o(.text.HAL_TIMEx_MasterConfigSynchronization)
    HAL_TIM_Base_Init                        0x08003a81   Thumb Code   226  stm32l4xx_hal_tim.o(.text.HAL_TIM_Base_Init)
    HAL_TIM_Base_MspInit                     0x08003b65   Thumb Code     2  stm32l4xx_hal_tim.o(.text.HAL_TIM_Base_MspInit)
    HAL_TIM_Base_Start_IT                    0x08003b69   Thumb Code    96  stm32l4xx_hal_tim.o(.text.HAL_TIM_Base_Start_IT)
    HAL_TIM_IC_CaptureCallback               0x08003bc9   Thumb Code     2  stm32l4xx_hal_tim.o(.text.HAL_TIM_IC_CaptureCallback)
    HAL_TIM_IRQHandler                       0x08003bcd   Thumb Code   396  stm32l4xx_hal_tim.o(.text.HAL_TIM_IRQHandler)
    HAL_TIM_MspPostInit                      0x08003d59   Thumb Code    84  stm32l4xx_hal_msp.o(.text.HAL_TIM_MspPostInit)
    HAL_TIM_OC_DelayElapsedCallback          0x08003dad   Thumb Code     2  stm32l4xx_hal_tim.o(.text.HAL_TIM_OC_DelayElapsedCallback)
    HAL_TIM_PWM_ConfigChannel                0x08003db1   Thumb Code   948  stm32l4xx_hal_tim.o(.text.HAL_TIM_PWM_ConfigChannel)
    HAL_TIM_PWM_Init                         0x08004165   Thumb Code   226  stm32l4xx_hal_tim.o(.text.HAL_TIM_PWM_Init)
    HAL_TIM_PWM_MspInit                      0x08004249   Thumb Code    62  stm32l4xx_hal_msp.o(.text.HAL_TIM_PWM_MspInit)
    HAL_TIM_PWM_PulseFinishedCallback        0x08004289   Thumb Code     2  stm32l4xx_hal_tim.o(.text.HAL_TIM_PWM_PulseFinishedCallback)
    HAL_TIM_PeriodElapsedCallback            0x0800428d   Thumb Code    20  main.o(.text.HAL_TIM_PeriodElapsedCallback)
    HAL_TIM_TriggerCallback                  0x080042a1   Thumb Code     2  stm32l4xx_hal_tim.o(.text.HAL_TIM_TriggerCallback)
    HAL_UARTEx_RxEventCallback               0x080042a5   Thumb Code     2  stm32l4xx_hal_uart.o(.text.HAL_UARTEx_RxEventCallback)
    HAL_UARTEx_WakeupCallback                0x080042a9   Thumb Code     2  stm32l4xx_hal_uart_ex.o(.text.HAL_UARTEx_WakeupCallback)
    HAL_UART_ErrorCallback                   0x080042ad   Thumb Code     2  stm32l4xx_hal_uart.o(.text.HAL_UART_ErrorCallback)
    HAL_UART_IRQHandler                      0x080042b1   Thumb Code  1480  stm32l4xx_hal_uart.o(.text.HAL_UART_IRQHandler)
    HAL_UART_Init                            0x08004879   Thumb Code   206  stm32l4xx_hal_uart.o(.text.HAL_UART_Init)
    HAL_UART_MspInit                         0x08004949   Thumb Code   284  stm32l4xx_hal_msp.o(.text.HAL_UART_MspInit)
    HAL_UART_Receive                         0x08004a65   Thumb Code   256  stm32l4xx_hal_uart.o(.text.HAL_UART_Receive)
    HAL_UART_Transmit                        0x08004b65   Thumb Code   208  stm32l4xx_hal_uart.o(.text.HAL_UART_Transmit)
    HAL_UART_TxCpltCallback                  0x08004c35   Thumb Code     2  stm32l4xx_hal_uart.o(.text.HAL_UART_TxCpltCallback)
    HandleDoseCycle                          0x08004c39   Thumb Code  1400  main.o(.text.HandleDoseCycle)
    HardFault_Handler                        0x08005239   Thumb Code     2  stm32l4xx_it.o(.text.HardFault_Handler)
    I2C_Scan                                 0x08005395   Thumb Code   260  main.o(.text.I2C_Scan)
    LCD_Init                                 0x080056b9   Thumb Code   748  main.o(.text.LCD_Init)
    LCD_SendByte                             0x080059b9   Thumb Code   156  main.o(.text.LCD_SendByte)
    MemManage_Handler                        0x08005a55   Thumb Code     2  stm32l4xx_it.o(.text.MemManage_Handler)
    NMI_Handler                              0x08005a59   Thumb Code     2  stm32l4xx_it.o(.text.NMI_Handler)
    PendSV_Handler                           0x08005a61   Thumb Code   100  port.o(.text.PendSV_Handler)
    SVC_Handler                              0x08005c31   Thumb Code    36  port.o(.text.SVC_Handler)
    StartDefaultTask                         0x08005c61   Thumb Code   992  main.o(.text.StartDefaultTask)
    SysTick_Handler                          0x08006055   Thumb Code    30  cmsis_os2.o(.text.SysTick_Handler)
    SystemInit                               0x08006075   Thumb Code    18  system_stm32l4xx.o(.text.SystemInit)
    TIM1_UP_TIM16_IRQHandler                 0x08006089   Thumb Code    12  stm32l4xx_it.o(.text.TIM1_UP_TIM16_IRQHandler)
    TIM2_IRQHandler                          0x08006095   Thumb Code    12  stm32l4xx_it.o(.text.TIM2_IRQHandler)
    UART_AdvFeatureConfig                    0x080060a1   Thumb Code   230  stm32l4xx_hal_uart.o(.text.UART_AdvFeatureConfig)
    UART_SetConfig                           0x08006199   Thumb Code   496  stm32l4xx_hal_uart.o(.text.UART_SetConfig)
    UART_WaitOnFlagUntilTimeout              0x08006399   Thumb Code   516  stm32l4xx_hal_uart.o(.text.UART_WaitOnFlagUntilTimeout)
    USART2_IRQHandler                        0x0800659d   Thumb Code    12  stm32l4xx_it.o(.text.USART2_IRQHandler)
    UsageFault_Handler                       0x080065a9   Thumb Code     2  stm32l4xx_it.o(.text.UsageFault_Handler)
    main                                     0x080065ad   Thumb Code  1184  main.o(.text.main)
    osKernelInitialize                       0x08006acd   Thumb Code    40  cmsis_os2.o(.text.osKernelInitialize)
    osKernelStart                            0x08006af5   Thumb Code    60  cmsis_os2.o(.text.osKernelStart)
    osThreadNew                              0x08006b31   Thumb Code   148  cmsis_os2.o(.text.osThreadNew)
    pvPortMalloc                             0x08007435   Thumb Code   488  heap_4.o(.text.pvPortMalloc)
    pxPortInitialiseStack                    0x0800761d   Thumb Code    36  port.o(.text.pxPortInitialiseStack)
    uxListRemove                             0x08007641   Thumb Code    34  list.o(.text.uxListRemove)
    vApplicationGetIdleTaskMemory            0x08007665   Thumb Code    26  cmsis_os2.o(.text.vApplicationGetIdleTaskMemory)
    vApplicationGetTimerTaskMemory           0x08007681   Thumb Code    28  cmsis_os2.o(.text.vApplicationGetTimerTaskMemory)
    vListInitialise                          0x0800769d   Thumb Code    22  list.o(.text.vListInitialise)
    vListInitialiseItem                      0x080076b5   Thumb Code     6  list.o(.text.vListInitialiseItem)
    vListInsert                              0x080076bd   Thumb Code    98  list.o(.text.vListInsert)
    vListInsertEnd                           0x08007721   Thumb Code    26  list.o(.text.vListInsertEnd)
    vPortEnterCritical                       0x08007751   Thumb Code    70  port.o(.text.vPortEnterCritical)
    vPortExitCritical                        0x08007799   Thumb Code    46  port.o(.text.vPortExitCritical)
    vPortFree                                0x080077c9   Thumb Code   222  heap_4.o(.text.vPortFree)
    vPortSetupTimerInterrupt                 0x080078a9   Thumb Code    52  port.o(.text.vPortSetupTimerInterrupt)
    vQueueAddToRegistry                      0x080078dd   Thumb Code    88  queue.o(.text.vQueueAddToRegistry)
    vQueueWaitForMessageRestricted           0x08007935   Thumb Code    82  queue.o(.text.vQueueWaitForMessageRestricted)
    vTaskInternalSetTimeOutState             0x08007989   Thumb Code    18  tasks.o(.text.vTaskInternalSetTimeOutState)
    vTaskMissedYield                         0x0800799d   Thumb Code    14  tasks.o(.text.vTaskMissedYield)
    vTaskPlaceOnEventList                    0x080079ad   Thumb Code   116  tasks.o(.text.vTaskPlaceOnEventList)
    vTaskPlaceOnEventListRestricted          0x08007a21   Thumb Code   122  tasks.o(.text.vTaskPlaceOnEventListRestricted)
    vTaskStartScheduler                      0x08007a9d   Thumb Code   232  tasks.o(.text.vTaskStartScheduler)
    vTaskSuspendAll                          0x08007b8d   Thumb Code    16  tasks.o(.text.vTaskSuspendAll)
    vTaskSwitchContext                       0x08007b9d   Thumb Code   204  tasks.o(.text.vTaskSwitchContext)
    xPortStartScheduler                      0x08007c69   Thumb Code   392  port.o(.text.xPortStartScheduler)
    xPortSysTickHandler                      0x08007df1   Thumb Code    46  port.o(.text.xPortSysTickHandler)
    xQueueGenericCreateStatic                0x08007e21   Thumb Code   218  queue.o(.text.xQueueGenericCreateStatic)
    xQueueGenericSend                        0x08007efd   Thumb Code   704  queue.o(.text.xQueueGenericSend)
    xQueueReceive                            0x080081c5   Thumb Code   574  queue.o(.text.xQueueReceive)
    xTaskCheckForTimeOut                     0x08008409   Thumb Code   154  tasks.o(.text.xTaskCheckForTimeOut)
    xTaskCreate                              0x080084a5   Thumb Code    96  tasks.o(.text.xTaskCreate)
    xTaskCreateStatic                        0x08008505   Thumb Code   118  tasks.o(.text.xTaskCreateStatic)
    xTaskGetSchedulerState                   0x0800857d   Thumb Code    30  tasks.o(.text.xTaskGetSchedulerState)
    xTaskGetTickCount                        0x0800859d   Thumb Code    12  tasks.o(.text.xTaskGetTickCount)
    xTaskIncrementTick                       0x080085a9   Thumb Code   260  tasks.o(.text.xTaskIncrementTick)
    xTaskPriorityDisinherit                  0x080086ad   Thumb Code   142  tasks.o(.text.xTaskPriorityDisinherit)
    xTaskRemoveFromEventList                 0x0800873d   Thumb Code   114  tasks.o(.text.xTaskRemoveFromEventList)
    xTaskResumeAll                           0x080087b1   Thumb Code   238  tasks.o(.text.xTaskResumeAll)
    xTimerCreateTimerTask                    0x080088a1   Thumb Code   172  timers.o(.text.xTimerCreateTimerTask)
    _is_digit                                0x08008955   Thumb Code    14  __printf_wp.o(i._is_digit)
    _get_lc_ctype                            0x08008965   Thumb Code    44  lc_ctype_c.o(locale$$code)
    _fp_init                                 0x08008991   Thumb Code    26  fpinit.o(x$fpl$fpinit)
    __fplib_config_fpu_vfp                   0x080089a9   Thumb Code     0  fpinit.o(x$fpl$fpinit)
    __fplib_config_pureend_doubles           0x080089a9   Thumb Code     0  fpinit.o(x$fpl$fpinit)
    AHBPrescTable                            0x080089e3   Data          16  system_stm32l4xx.o(.rodata.AHBPrescTable)
    APBPrescTable                            0x080089f3   Data           8  system_stm32l4xx.o(.rodata.APBPrescTable)
    MSIRangeTable                            0x080089fc   Data          48  system_stm32l4xx.o(.rodata.MSIRangeTable)
    defaultTask_attributes                   0x08008a3c   Data          36  main.o(.rodata.defaultTask_attributes)
    Region$$Table$$Base                      0x08008b48   Number         0  anon$$obj.o(Region$$Table)
    Region$$Table$$Limit                     0x08008b68   Number         0  anon$$obj.o(Region$$Table)
    __ctype                                  0x08008b75   Data           0  lc_ctype_c.o(locale$$data)
    uwTickFreq                               0x20000000   Data           1  stm32l4xx_hal.o(.data..L_MergedGlobals)
    uwTickPrio                               0x20000004   Data           4  stm32l4xx_hal.o(.data..L_MergedGlobals)
    SystemCoreClock                          0x20000008   Data           4  system_stm32l4xx.o(.data.SystemCoreClock)
    __libspace_start                         0x20000010   Data          96  libspace.o(.bss)
    __temporary_stack_top$libspace           0x20000070   Data           0  libspace.o(.bss)
    numDoses                                 0x20000070   Data           1  main.o(.bss..L_MergedGlobals)
    btCmdIdx                                 0x20000071   Data           1  main.o(.bss..L_MergedGlobals)
    doseTriggeredThisMinute                  0x20000072   Data           1  main.o(.bss..L_MergedGlobals)
    defaultTaskHandle                        0x20000074   Data           4  main.o(.bss..L_MergedGlobals)
    doseSchedule                             0x20000078   Data          12  main.o(.bss..L_MergedGlobals)
    btCmdBuf                                 0x20000084   Data          64  main.o(.bss..L_MergedGlobals)
    pxCurrentTCB                             0x200000c4   Data           4  tasks.o(.bss..L_MergedGlobals)
    hadc1                                    0x200001cc   Data         100  main.o(.bss.hadc1)
    hi2c1                                    0x20000230   Data          84  main.o(.bss.hi2c1)
    htim1                                    0x20000284   Data          76  stm32l4xx_hal_timebase_tim.o(.bss.htim1)
    htim2                                    0x200002d0   Data          76  main.o(.bss.htim2)
    huart1                                   0x2000031c   Data         132  main.o(.bss.huart1)
    huart2                                   0x200003a0   Data         132  main.o(.bss.huart2)
    uwTick                                   0x2000152c   Data           4  stm32l4xx_hal.o(.bss.uwTick)
    xQueueRegistry                           0x20001be8   Data          64  queue.o(.bss.xQueueRegistry)



==============================================================================

Memory Map of the image

  Image Entry point : 0x0800018d

  Load Region LR_IROM1 (Base: 0x08000000, Size: 0x00008c88, Max: 0x00040000, ABSOLUTE)

    Execution Region ER_IROM1 (Exec base: 0x08000000, Load base: 0x08000000, Size: 0x00008c78, Max: 0x00040000, ABSOLUTE)

    Exec Addr    Load Addr    Size         Type   Attr      Idx    E Section Name        Object

    0x08000000   0x08000000   0x0000018c   Data   RO            3    RESET               startup_stm32l432xx.o
    0x0800018c   0x0800018c   0x00000008   Code   RO         2071  * !!!main             c_w.l(__main.o)
    0x08000194   0x08000194   0x0000005c   Code   RO         2281    !!!scatter          c_w.l(__scatter.o)
    0x080001f0   0x080001f0   0x0000001a   Code   RO         2285    !!handler_copy      c_w.l(__scatter_copy.o)
    0x0800020a   0x0800020a   0x00000002   PAD
    0x0800020c   0x0800020c   0x00000002   Code   RO         2282    !!handler_null      c_w.l(__scatter.o)
    0x0800020e   0x0800020e   0x00000002   PAD
    0x08000210   0x08000210   0x0000001c   Code   RO         2287    !!handler_zi        c_w.l(__scatter_zi.o)
    0x0800022c   0x0800022c   0x00000000   Code   RO         2050    .ARM.Collect$$_printf_percent$$00000000  c_w.l(_printf_percent.o)
    0x0800022c   0x0800022c   0x00000006   Code   RO         2049    .ARM.Collect$$_printf_percent$$00000009  c_w.l(_printf_d.o)
    0x08000232   0x08000232   0x00000006   Code   RO         2048    .ARM.Collect$$_printf_percent$$0000000C  c_w.l(_printf_x.o)
    0x08000238   0x08000238   0x00000006   Code   RO         2047    .ARM.Collect$$_printf_percent$$00000014  c_w.l(_printf_s.o)
    0x0800023e   0x0800023e   0x00000004   Code   RO         2086    .ARM.Collect$$_printf_percent$$00000017  c_w.l(_printf_percent_end.o)
    0x08000242   0x08000242   0x00000002   Code   RO         2133    .ARM.Collect$$libinit$$00000000  c_w.l(libinit.o)
    0x08000244   0x08000244   0x00000004   Code   RO         2153    .ARM.Collect$$libinit$$00000001  c_w.l(libinit2.o)
    0x08000248   0x08000248   0x00000000   Code   RO         2156    .ARM.Collect$$libinit$$00000004  c_w.l(libinit2.o)
    0x08000248   0x08000248   0x00000000   Code   RO         2158    .ARM.Collect$$libinit$$00000006  c_w.l(libinit2.o)
    0x08000248   0x08000248   0x00000000   Code   RO         2161    .ARM.Collect$$libinit$$0000000C  c_w.l(libinit2.o)
    0x08000248   0x08000248   0x00000000   Code   RO         2163    .ARM.Collect$$libinit$$0000000E  c_w.l(libinit2.o)
    0x08000248   0x08000248   0x00000000   Code   RO         2165    .ARM.Collect$$libinit$$00000010  c_w.l(libinit2.o)
    0x08000248   0x08000248   0x00000006   Code   RO         2166    .ARM.Collect$$libinit$$00000011  c_w.l(libinit2.o)
    0x0800024e   0x0800024e   0x00000000   Code   RO         2168    .ARM.Collect$$libinit$$00000013  c_w.l(libinit2.o)
    0x0800024e   0x0800024e   0x0000000c   Code   RO         2169    .ARM.Collect$$libinit$$00000014  c_w.l(libinit2.o)
    0x0800025a   0x0800025a   0x00000000   Code   RO         2170    .ARM.Collect$$libinit$$00000015  c_w.l(libinit2.o)
    0x0800025a   0x0800025a   0x00000000   Code   RO         2172    .ARM.Collect$$libinit$$00000017  c_w.l(libinit2.o)
    0x0800025a   0x0800025a   0x00000000   Code   RO         2174    .ARM.Collect$$libinit$$00000019  c_w.l(libinit2.o)
    0x0800025a   0x0800025a   0x00000000   Code   RO         2176    .ARM.Collect$$libinit$$0000001B  c_w.l(libinit2.o)
    0x0800025a   0x0800025a   0x00000000   Code   RO         2178    .ARM.Collect$$libinit$$0000001D  c_w.l(libinit2.o)
    0x0800025a   0x0800025a   0x00000000   Code   RO         2180    .ARM.Collect$$libinit$$0000001F  c_w.l(libinit2.o)
    0x0800025a   0x0800025a   0x00000000   Code   RO         2182    .ARM.Collect$$libinit$$00000021  c_w.l(libinit2.o)
    0x0800025a   0x0800025a   0x00000000   Code   RO         2184    .ARM.Collect$$libinit$$00000023  c_w.l(libinit2.o)
    0x0800025a   0x0800025a   0x00000000   Code   RO         2186    .ARM.Collect$$libinit$$00000025  c_w.l(libinit2.o)
    0x0800025a   0x0800025a   0x00000000   Code   RO         2188    .ARM.Collect$$libinit$$00000027  c_w.l(libinit2.o)
    0x0800025a   0x0800025a   0x00000000   Code   RO         2192    .ARM.Collect$$libinit$$0000002E  c_w.l(libinit2.o)
    0x0800025a   0x0800025a   0x00000000   Code   RO         2194    .ARM.Collect$$libinit$$00000030  c_w.l(libinit2.o)
    0x0800025a   0x0800025a   0x00000000   Code   RO         2196    .ARM.Collect$$libinit$$00000032  c_w.l(libinit2.o)
    0x0800025a   0x0800025a   0x00000000   Code   RO         2198    .ARM.Collect$$libinit$$00000034  c_w.l(libinit2.o)
    0x0800025a   0x0800025a   0x00000002   Code   RO         2199    .ARM.Collect$$libinit$$00000035  c_w.l(libinit2.o)
    0x0800025c   0x0800025c   0x00000002   Code   RO         2236    .ARM.Collect$$libshutdown$$00000000  c_w.l(libshutdown.o)
    0x0800025e   0x0800025e   0x00000000   Code   RO         2264    .ARM.Collect$$libshutdown$$00000002  c_w.l(libshutdown2.o)
    0x0800025e   0x0800025e   0x00000000   Code   RO         2266    .ARM.Collect$$libshutdown$$00000004  c_w.l(libshutdown2.o)
    0x0800025e   0x0800025e   0x00000000   Code   RO         2269    .ARM.Collect$$libshutdown$$00000007  c_w.l(libshutdown2.o)
    0x0800025e   0x0800025e   0x00000000   Code   RO         2272    .ARM.Collect$$libshutdown$$0000000A  c_w.l(libshutdown2.o)
    0x0800025e   0x0800025e   0x00000000   Code   RO         2274    .ARM.Collect$$libshutdown$$0000000C  c_w.l(libshutdown2.o)
    0x0800025e   0x0800025e   0x00000000   Code   RO         2277    .ARM.Collect$$libshutdown$$0000000F  c_w.l(libshutdown2.o)
    0x0800025e   0x0800025e   0x00000002   Code   RO         2278    .ARM.Collect$$libshutdown$$00000010  c_w.l(libshutdown2.o)
    0x08000260   0x08000260   0x00000000   Code   RO         2073    .ARM.Collect$$rtentry$$00000000  c_w.l(__rtentry.o)
    0x08000260   0x08000260   0x00000000   Code   RO         2096    .ARM.Collect$$rtentry$$00000002  c_w.l(__rtentry2.o)
    0x08000260   0x08000260   0x00000006   Code   RO         2108    .ARM.Collect$$rtentry$$00000004  c_w.l(__rtentry4.o)
    0x08000266   0x08000266   0x00000000   Code   RO         2098    .ARM.Collect$$rtentry$$00000009  c_w.l(__rtentry2.o)
    0x08000266   0x08000266   0x00000004   Code   RO         2099    .ARM.Collect$$rtentry$$0000000A  c_w.l(__rtentry2.o)
    0x0800026a   0x0800026a   0x00000000   Code   RO         2101    .ARM.Collect$$rtentry$$0000000C  c_w.l(__rtentry2.o)
    0x0800026a   0x0800026a   0x00000008   Code   RO         2102    .ARM.Collect$$rtentry$$0000000D  c_w.l(__rtentry2.o)
    0x08000272   0x08000272   0x00000002   Code   RO         2137    .ARM.Collect$$rtexit$$00000000  c_w.l(rtexit.o)
    0x08000274   0x08000274   0x00000000   Code   RO         2205    .ARM.Collect$$rtexit$$00000002  c_w.l(rtexit2.o)
    0x08000274   0x08000274   0x00000004   Code   RO         2206    .ARM.Collect$$rtexit$$00000003  c_w.l(rtexit2.o)
    0x08000278   0x08000278   0x00000006   Code   RO         2207    .ARM.Collect$$rtexit$$00000004  c_w.l(rtexit2.o)
    0x0800027e   0x0800027e   0x00000002   PAD
    0x08000280   0x08000280   0x00000040   Code   RO            4    .text               startup_stm32l432xx.o
    0x080002c0   0x080002c0   0x000000f0   Code   RO         1992    .text               c_w.l(lludivv7m.o)
    0x080003b0   0x080003b0   0x00000040   Code   RO         1994    .text               c_w.l(__2snprintf.o)
    0x080003f0   0x080003f0   0x0000004e   Code   RO         2000    .text               c_w.l(_printf_pad.o)
    0x0800043e   0x0800043e   0x00000052   Code   RO         2002    .text               c_w.l(_printf_str.o)
    0x08000490   0x08000490   0x00000078   Code   RO         2004    .text               c_w.l(_printf_dec.o)
    0x08000508   0x08000508   0x00000058   Code   RO         2009    .text               c_w.l(_printf_hex_int.o)
    0x08000560   0x08000560   0x0000013e   Code   RO         2039    .text               c_w.l(__printf_flags_wp.o)
    0x0800069e   0x0800069e   0x00000002   PAD
    0x080006a0   0x080006a0   0x0000003c   Code   RO         2051    .text               c_w.l(__0sscanf.o)
    0x080006dc   0x080006dc   0x00000152   Code   RO         2053    .text               c_w.l(_scanf_int.o)
    0x0800082e   0x0800082e   0x00000014   Code   RO         2055    .text               c_w.l(strchr.o)
    0x08000842   0x08000842   0x0000003e   Code   RO         2057    .text               c_w.l(strlen.o)
    0x08000880   0x08000880   0x0000008a   Code   RO         2059    .text               c_w.l(rt_memcpy_v6.o)
    0x0800090a   0x0800090a   0x00000010   Code   RO         2063    .text               c_w.l(aeabi_memset4.o)
    0x0800091a   0x0800091a   0x0000004e   Code   RO         2067    .text               c_w.l(rt_memclr_w.o)
    0x08000968   0x08000968   0x00000006   Code   RO         2069    .text               c_w.l(heapauxi.o)
    0x0800096e   0x0800096e   0x000000b2   Code   RO         2078    .text               c_w.l(_printf_intcommon.o)
    0x08000a20   0x08000a20   0x00000030   Code   RO         2080    .text               c_w.l(_printf_char_common.o)
    0x08000a50   0x08000a50   0x00000010   Code   RO         2082    .text               c_w.l(_snputc.o)
    0x08000a60   0x08000a60   0x0000002c   Code   RO         2084    .text               c_w.l(_printf_char.o)
    0x08000a8c   0x08000a8c   0x0000001c   Code   RO         2087    .text               c_w.l(_chval.o)
    0x08000aa8   0x08000aa8   0x0000002c   Code   RO         2089    .text               c_w.l(scanf_char.o)
    0x08000ad4   0x08000ad4   0x00000040   Code   RO         2091    .text               c_w.l(_sgetc.o)
    0x08000b14   0x08000b14   0x00000064   Code   RO         2093    .text               c_w.l(rt_memcpy_w.o)
    0x08000b78   0x08000b78   0x00000012   Code   RO         2112    .text               c_w.l(isspace.o)
    0x08000b8a   0x08000b8a   0x00000002   PAD
    0x08000b8c   0x08000b8c   0x0000037a   Code   RO         2116    .text               c_w.l(_scanf.o)
    0x08000f06   0x08000f06   0x0000004a   Code   RO         2118    .text               c_w.l(sys_stackheap_outer.o)
    0x08000f50   0x08000f50   0x00000010   Code   RO         2120    .text               c_w.l(rt_ctype_table.o)
    0x08000f60   0x08000f60   0x00000012   Code   RO         2122    .text               c_w.l(exit.o)
    0x08000f72   0x08000f72   0x00000002   PAD
    0x08000f74   0x08000f74   0x00000008   Code   RO         2134    .text               c_w.l(libspace.o)
    0x08000f7c   0x08000f7c   0x00000008   Code   RO         2144    .text               c_w.l(rt_locale_intlibspace.o)
    0x08000f84   0x08000f84   0x0000000c   Code   RO         2200    .text               c_w.l(sys_exit.o)
    0x08000f90   0x08000f90   0x0000007c   Code   RO         2215    .text               c_w.l(strcmpv7em.o)
    0x0800100c   0x0800100c   0x00000002   Code   RO         2225    .text               c_w.l(use_no_semi.o)
    0x0800100e   0x0800100e   0x00000000   Code   RO         2227    .text               c_w.l(indicate_semi.o)
    0x0800100e   0x0800100e   0x00000002   PAD
    0x08001010   0x08001010   0x0000027c   Code   RO           49    .text.AdvanceToNextDose  main.o
    0x0800128c   0x0800128c   0x0000030c   Code   RO           53    .text.BT_ProcessCommand  main.o
    0x08001598   0x08001598   0x00000002   Code   RO           90    .text.BusFault_Handler  stm32l4xx_it.o
    0x0800159a   0x0800159a   0x00000002   PAD
    0x0800159c   0x0800159c   0x00000002   Code   RO           94    .text.DebugMon_Handler  stm32l4xx_it.o
    0x0800159e   0x0800159e   0x00000002   PAD
    0x080015a0   0x080015a0   0x00000006   Code   RO           96    .text.EXTI0_IRQHandler  stm32l4xx_it.o
    0x080015a6   0x080015a6   0x00000002   PAD
    0x080015a8   0x080015a8   0x0000000a   Code   RO           63    .text.Error_Handler  main.o
    0x080015b2   0x080015b2   0x00000002   PAD
    0x080015b4   0x080015b4   0x0000035c   Code   RO          202    .text.HAL_ADC_ConfigChannel  stm32l4xx_hal_adc.o
    0x08001910   0x08001910   0x000001e6   Code   RO          154    .text.HAL_ADC_Init  stm32l4xx_hal_adc.o
    0x08001af6   0x08001af6   0x00000002   PAD
    0x08001af8   0x08001af8   0x000000a6   Code   RO          113    .text.HAL_ADC_MspInit  stm32l4xx_hal_msp.o
    0x08001b9e   0x08001b9e   0x00000002   PAD
    0x08001ba0   0x08001ba0   0x0000004a   Code   RO          704    .text.HAL_DMA_Abort  stm32l4xx_hal_dma.o
    0x08001bea   0x08001bea   0x00000002   PAD
    0x08001bec   0x08001bec   0x00000054   Code   RO          706    .text.HAL_DMA_Abort_IT  stm32l4xx_hal_dma.o
    0x08001c40   0x08001c40   0x00000028   Code   RO          290    .text.HAL_Delay     stm32l4xx_hal.o
    0x08001c68   0x08001c68   0x00000002   Code   RO          686    .text.HAL_GPIO_EXTI_Callback  stm32l4xx_hal_gpio.o
    0x08001c6a   0x08001c6a   0x00000002   PAD
    0x08001c6c   0x08001c6c   0x00000016   Code   RO          684    .text.HAL_GPIO_EXTI_IRQHandler  stm32l4xx_hal_gpio.o
    0x08001c82   0x08001c82   0x00000002   PAD
    0x08001c84   0x08001c84   0x000001b8   Code   RO          672    .text.HAL_GPIO_Init  stm32l4xx_hal_gpio.o
    0x08001e3c   0x08001e3c   0x0000000a   Code   RO          676    .text.HAL_GPIO_ReadPin  stm32l4xx_hal_gpio.o
    0x08001e46   0x08001e46   0x00000002   PAD
    0x08001e48   0x08001e48   0x0000000c   Code   RO          678    .text.HAL_GPIO_WritePin  stm32l4xx_hal_gpio.o
    0x08001e54   0x08001e54   0x0000000c   Code   RO          282    .text.HAL_GetTick   stm32l4xx_hal.o
    0x08001e60   0x08001e60   0x0000004a   Code   RO          492    .text.HAL_I2CEx_ConfigAnalogFilter  stm32l4xx_hal_i2c_ex.o
    0x08001eaa   0x08001eaa   0x00000002   PAD
    0x08001eac   0x08001eac   0x00000048   Code   RO          494    .text.HAL_I2CEx_ConfigDigitalFilter  stm32l4xx_hal_i2c_ex.o
    0x08001ef4   0x08001ef4   0x000000a4   Code   RO          340    .text.HAL_I2C_Init  stm32l4xx_hal_i2c.o
    0x08001f98   0x08001f98   0x000001c4   Code   RO          414    .text.HAL_I2C_IsDeviceReady  stm32l4xx_hal_i2c.o
    0x0800215c   0x0800215c   0x000001f6   Code   RO          348    .text.HAL_I2C_Master_Transmit  stm32l4xx_hal_i2c.o
    0x08002352   0x08002352   0x00000002   PAD
    0x08002354   0x08002354   0x000002f2   Code   RO          400    .text.HAL_I2C_Mem_Read  stm32l4xx_hal_i2c.o
    0x08002646   0x08002646   0x00000002   PAD
    0x08002648   0x08002648   0x000002aa   Code   RO          398    .text.HAL_I2C_Mem_Write  stm32l4xx_hal_i2c.o
    0x080028f2   0x080028f2   0x00000002   PAD
    0x080028f4   0x080028f4   0x00000092   Code   RO          117    .text.HAL_I2C_MspInit  stm32l4xx_hal_msp.o
    0x08002986   0x08002986   0x00000002   PAD
    0x08002988   0x08002988   0x0000001a   Code   RO          280    .text.HAL_IncTick   stm32l4xx_hal.o
    0x080029a2   0x080029a2   0x00000002   PAD
    0x080029a4   0x080029a4   0x0000001e   Code   RO          270    .text.HAL_Init      stm32l4xx_hal.o
    0x080029c2   0x080029c2   0x00000002   PAD
    0x080029c4   0x080029c4   0x0000008c   Code   RO          139    .text.HAL_InitTick  stm32l4xx_hal_timebase_tim.o
    0x08002a50   0x08002a50   0x0000003c   Code   RO          111    .text.HAL_MspInit   stm32l4xx_hal_msp.o
    0x08002a8c   0x08002a8c   0x00000022   Code   RO          849    .text.HAL_NVIC_EnableIRQ  stm32l4xx_hal_cortex.o
    0x08002aae   0x08002aae   0x00000002   PAD
    0x08002ab0   0x08002ab0   0x00000056   Code   RO          847    .text.HAL_NVIC_SetPriority  stm32l4xx_hal_cortex.o
    0x08002b06   0x08002b06   0x00000002   PAD
    0x08002b08   0x08002b08   0x00000020   Code   RO          845    .text.HAL_NVIC_SetPriorityGrouping  stm32l4xx_hal_cortex.o
    0x08002b28   0x08002b28   0x0000008c   Code   RO          771    .text.HAL_PWREx_ControlVoltageScaling  stm32l4xx_hal_pwr_ex.o
    0x08002bb4   0x08002bb4   0x00000010   Code   RO          769    .text.HAL_PWREx_GetVoltageRange  stm32l4xx_hal_pwr_ex.o
    0x08002bc4   0x08002bc4   0x00000012   Code   RO          731    .text.HAL_PWR_EnableBkUpAccess  stm32l4xx_hal_pwr.o
    0x08002bd6   0x08002bd6   0x00000002   PAD
    0x08002bd8   0x08002bd8   0x00000012   Code   RO          578    .text.HAL_RCCEx_EnableMSIPLLMode  stm32l4xx_hal_rcc_ex.o
    0x08002bea   0x08002bea   0x00000002   PAD
    0x08002bec   0x08002bec   0x00000284   Code   RO          548    .text.HAL_RCCEx_PeriphCLKConfig  stm32l4xx_hal_rcc_ex.o
    0x08002e70   0x08002e70   0x0000023e   Code   RO          518    .text.HAL_RCC_ClockConfig  stm32l4xx_hal_rcc.o
    0x080030ae   0x080030ae   0x00000002   PAD
    0x080030b0   0x080030b0   0x00000042   Code   RO          530    .text.HAL_RCC_GetClockConfig  stm32l4xx_hal_rcc.o
    0x080030f2   0x080030f2   0x00000002   PAD
    0x080030f4   0x080030f4   0x0000002a   Code   RO          524    .text.HAL_RCC_GetPCLK1Freq  stm32l4xx_hal_rcc.o
    0x0800311e   0x0800311e   0x00000002   PAD
    0x08003120   0x08003120   0x0000002a   Code   RO          526    .text.HAL_RCC_GetPCLK2Freq  stm32l4xx_hal_rcc.o
    0x0800314a   0x0800314a   0x00000002   PAD
    0x0800314c   0x0800314c   0x000000c6   Code   RO          516    .text.HAL_RCC_GetSysClockFreq  stm32l4xx_hal_rcc.o
    0x08003212   0x08003212   0x00000002   PAD
    0x08003214   0x08003214   0x000007f4   Code   RO          514    .text.HAL_RCC_OscConfig  stm32l4xx_hal_rcc.o
    0x08003a08   0x08003a08   0x00000002   Code   RO         1228    .text.HAL_TIMEx_Break2Callback  stm32l4xx_hal_tim_ex.o
    0x08003a0a   0x08003a0a   0x00000002   PAD
    0x08003a0c   0x08003a0c   0x00000002   Code   RO         1226    .text.HAL_TIMEx_BreakCallback  stm32l4xx_hal_tim_ex.o
    0x08003a0e   0x08003a0e   0x00000002   PAD
    0x08003a10   0x08003a10   0x00000002   Code   RO         1222    .text.HAL_TIMEx_CommutCallback  stm32l4xx_hal_tim_ex.o
    0x08003a12   0x08003a12   0x00000002   PAD
    0x08003a14   0x08003a14   0x0000006c   Code   RO         1212    .text.HAL_TIMEx_MasterConfigSynchronization  stm32l4xx_hal_tim_ex.o
    0x08003a80   0x08003a80   0x000000e2   Code   RO          917    .text.HAL_TIM_Base_Init  stm32l4xx_hal_tim.o
    0x08003b62   0x08003b62   0x00000002   PAD
    0x08003b64   0x08003b64   0x00000002   Code   RO          919    .text.HAL_TIM_Base_MspInit  stm32l4xx_hal_tim.o
    0x08003b66   0x08003b66   0x00000002   PAD
    0x08003b68   0x08003b68   0x00000060   Code   RO          931    .text.HAL_TIM_Base_Start_IT  stm32l4xx_hal_tim.o
    0x08003bc8   0x08003bc8   0x00000002   Code   RO         1053    .text.HAL_TIM_IC_CaptureCallback  stm32l4xx_hal_tim.o
    0x08003bca   0x08003bca   0x00000002   PAD
    0x08003bcc   0x08003bcc   0x0000018c   Code   RO         1051    .text.HAL_TIM_IRQHandler  stm32l4xx_hal_tim.o
    0x08003d58   0x08003d58   0x00000054   Code   RO          123    .text.HAL_TIM_MspPostInit  stm32l4xx_hal_msp.o
    0x08003dac   0x08003dac   0x00000002   Code   RO         1055    .text.HAL_TIM_OC_DelayElapsedCallback  stm32l4xx_hal_tim.o
    0x08003dae   0x08003dae   0x00000002   PAD
    0x08003db0   0x08003db0   0x000003b4   Code   RO         1071    .text.HAL_TIM_PWM_ConfigChannel  stm32l4xx_hal_tim.o
    0x08004164   0x08004164   0x000000e2   Code   RO          971    .text.HAL_TIM_PWM_Init  stm32l4xx_hal_tim.o
    0x08004246   0x08004246   0x00000002   PAD
    0x08004248   0x08004248   0x0000003e   Code   RO          121    .text.HAL_TIM_PWM_MspInit  stm32l4xx_hal_msp.o
    0x08004286   0x08004286   0x00000002   PAD
    0x08004288   0x08004288   0x00000002   Code   RO         1057    .text.HAL_TIM_PWM_PulseFinishedCallback  stm32l4xx_hal_tim.o
    0x0800428a   0x0800428a   0x00000002   PAD
    0x0800428c   0x0800428c   0x00000014   Code   RO           61    .text.HAL_TIM_PeriodElapsedCallback  main.o
    0x080042a0   0x080042a0   0x00000002   Code   RO         1061    .text.HAL_TIM_TriggerCallback  stm32l4xx_hal_tim.o
    0x080042a2   0x080042a2   0x00000002   PAD
    0x080042a4   0x080042a4   0x00000002   Code   RO         1328    .text.HAL_UARTEx_RxEventCallback  stm32l4xx_hal_uart.o
    0x080042a6   0x080042a6   0x00000002   PAD
    0x080042a8   0x080042a8   0x00000002   Code   RO         1379    .text.HAL_UARTEx_WakeupCallback  stm32l4xx_hal_uart_ex.o
    0x080042aa   0x080042aa   0x00000002   PAD
    0x080042ac   0x080042ac   0x00000002   Code   RO         1326    .text.HAL_UART_ErrorCallback  stm32l4xx_hal_uart.o
    0x080042ae   0x080042ae   0x00000002   PAD
    0x080042b0   0x080042b0   0x000005c8   Code   RO         1322    .text.HAL_UART_IRQHandler  stm32l4xx_hal_uart.o
    0x08004878   0x08004878   0x000000ce   Code   RO         1242    .text.HAL_UART_Init  stm32l4xx_hal_uart.o
    0x08004946   0x08004946   0x00000002   PAD
    0x08004948   0x08004948   0x0000011c   Code   RO          127    .text.HAL_UART_MspInit  stm32l4xx_hal_msp.o
    0x08004a64   0x08004a64   0x00000100   Code   RO         1266    .text.HAL_UART_Receive  stm32l4xx_hal_uart.o
    0x08004b64   0x08004b64   0x000000d0   Code   RO         1262    .text.HAL_UART_Transmit  stm32l4xx_hal_uart.o
    0x08004c34   0x08004c34   0x00000002   Code   RO         1330    .text.HAL_UART_TxCpltCallback  stm32l4xx_hal_uart.o
    0x08004c36   0x08004c36   0x00000002   PAD
    0x08004c38   0x08004c38   0x00000600   Code   RO           51    .text.HandleDoseCycle  main.o
    0x08005238   0x08005238   0x00000002   Code   RO           86    .text.HardFault_Handler  stm32l4xx_it.o
    0x0800523a   0x0800523a   0x00000002   PAD
    0x0800523c   0x0800523c   0x00000156   Code   RO          482    .text.I2C_IsErrorOccurred  stm32l4xx_hal_i2c.o
    0x08005392   0x08005392   0x00000002   PAD
    0x08005394   0x08005394   0x0000017a   Code   RO           13    .text.I2C_Scan      main.o
    0x0800550e   0x0800550e   0x00000002   PAD
    0x08005510   0x08005510   0x000000b4   Code   RO          350    .text.I2C_WaitOnFlagUntilTimeout  stm32l4xx_hal_i2c.o
    0x080055c4   0x080055c4   0x0000006c   Code   RO          354    .text.I2C_WaitOnSTOPFlagUntilTimeout  stm32l4xx_hal_i2c.o
    0x08005630   0x08005630   0x00000088   Code   RO          352    .text.I2C_WaitOnTXISFlagUntilTimeout  stm32l4xx_hal_i2c.o
    0x080056b8   0x080056b8   0x00000300   Code   RO           23    .text.LCD_Init      main.o
    0x080059b8   0x080059b8   0x0000009c   Code   RO           17    .text.LCD_SendByte  main.o
    0x08005a54   0x08005a54   0x00000002   Code   RO           88    .text.MemManage_Handler  stm32l4xx_it.o
    0x08005a56   0x08005a56   0x00000002   PAD
    0x08005a58   0x08005a58   0x00000002   Code   RO           84    .text.NMI_Handler   stm32l4xx_it.o
    0x08005a5a   0x08005a5a   0x00000006   PAD
    0x08005a60   0x08005a60   0x0000007a   Code   RO         1975    .text.PendSV_Handler  port.o
    0x08005ada   0x08005ada   0x00000002   PAD
    0x08005adc   0x08005adc   0x00000148   Code   RO          550    .text.RCCEx_PLLSAI1_Config  stm32l4xx_hal_rcc_ex.o
    0x08005c24   0x08005c24   0x0000000c   PAD
    0x08005c30   0x08005c30   0x0000002e   Code   RO         1959    .text.SVC_Handler   port.o
    0x08005c5e   0x08005c5e   0x00000002   PAD
    0x08005c60   0x08005c60   0x000003f4   Code   RO           59    .text.StartDefaultTask  main.o
    0x08006054   0x08006054   0x0000001e   Code   RO         1770    .text.SysTick_Handler  cmsis_os2.o
    0x08006072   0x08006072   0x00000002   PAD
    0x08006074   0x08006074   0x00000012   Code   RO         1407    .text.SystemInit    system_stm32l4xx.o
    0x08006086   0x08006086   0x00000002   PAD
    0x08006088   0x08006088   0x0000000c   Code   RO           98    .text.TIM1_UP_TIM16_IRQHandler  stm32l4xx_it.o
    0x08006094   0x08006094   0x0000000c   Code   RO          100    .text.TIM2_IRQHandler  stm32l4xx_it.o
    0x080060a0   0x080060a0   0x000000e6   Code   RO         1248    .text.UART_AdvFeatureConfig  stm32l4xx_hal_uart.o
    0x08006186   0x08006186   0x00000002   PAD
    0x08006188   0x08006188   0x00000010   Code   RO         1324    .text.UART_DMAAbortOnError  stm32l4xx_hal_uart.o
    0x08006198   0x08006198   0x00000200   Code   RO         1246    .text.UART_SetConfig  stm32l4xx_hal_uart.o
    0x08006398   0x08006398   0x00000204   Code   RO         1264    .text.UART_WaitOnFlagUntilTimeout  stm32l4xx_hal_uart.o
    0x0800659c   0x0800659c   0x0000000c   Code   RO          102    .text.USART2_IRQHandler  stm32l4xx_it.o
    0x080065a8   0x080065a8   0x00000002   Code   RO           92    .text.UsageFault_Handler  stm32l4xx_it.o
    0x080065aa   0x080065aa   0x00000002   PAD
    0x080065ac   0x080065ac   0x00000520   Code   RO           55    .text.main          main.o
    0x08006acc   0x08006acc   0x00000028   Code   RO         1772    .text.osKernelInitialize  cmsis_os2.o
    0x08006af4   0x08006af4   0x0000003c   Code   RO         1778    .text.osKernelStart  cmsis_os2.o
    0x08006b30   0x08006b30   0x00000094   Code   RO         1794    .text.osThreadNew   cmsis_os2.o
    0x08006bc4   0x08006bc4   0x0000028a   Code   RO         1605    .text.prvAddNewTaskToReadyList  tasks.o
    0x08006e4e   0x08006e4e   0x00000002   PAD
    0x08006e50   0x08006e50   0x00000086   Code   RO         1637    .text.prvIdleTask   tasks.o
    0x08006ed6   0x08006ed6   0x00000002   PAD
    0x08006ed8   0x08006ed8   0x00000104   Code   RO         1603    .text.prvInitialiseNewTask  tasks.o
    0x08006fdc   0x08006fdc   0x00000028   Code   RO         1967    .text.prvPortStartFirstTask  port.o
    0x08007004   0x08007004   0x0000003e   Code   RO         1957    .text.prvTaskExitError  port.o
    0x08007042   0x08007042   0x00000002   PAD
    0x08007044   0x08007044   0x0000037a   Code   RO         1722    .text.prvTimerTask  timers.o
    0x080073be   0x080073be   0x00000002   PAD
    0x080073c0   0x080073c0   0x00000074   Code   RO         1504    .text.prvUnlockQueue  queue.o
    0x08007434   0x08007434   0x000001e8   Code   RO         1933    .text.pvPortMalloc  heap_4.o
    0x0800761c   0x0800761c   0x00000024   Code   RO         1955    .text.pxPortInitialiseStack  port.o
    0x08007640   0x08007640   0x00000022   Code   RO         1468    .text.uxListRemove  list.o
    0x08007662   0x08007662   0x00000002   PAD
    0x08007664   0x08007664   0x0000001a   Code   RO         1916    .text.vApplicationGetIdleTaskMemory  cmsis_os2.o
    0x0800767e   0x0800767e   0x00000002   PAD
    0x08007680   0x08007680   0x0000001c   Code   RO         1918    .text.vApplicationGetTimerTaskMemory  cmsis_os2.o
    0x0800769c   0x0800769c   0x00000016   Code   RO         1460    .text.vListInitialise  list.o
    0x080076b2   0x080076b2   0x00000002   PAD
    0x080076b4   0x080076b4   0x00000006   Code   RO         1462    .text.vListInitialiseItem  list.o
    0x080076ba   0x080076ba   0x00000002   PAD
    0x080076bc   0x080076bc   0x00000062   Code   RO         1466    .text.vListInsert   list.o
    0x0800771e   0x0800771e   0x00000002   PAD
    0x08007720   0x08007720   0x0000001a   Code   RO         1464    .text.vListInsertEnd  list.o
    0x0800773a   0x0800773a   0x00000002   PAD
    0x0800773c   0x0800773c   0x00000014   Code   RO         1965    .text.vPortEnableVFP  port.o
    0x08007750   0x08007750   0x00000046   Code   RO         1971    .text.vPortEnterCritical  port.o
    0x08007796   0x08007796   0x00000002   PAD
    0x08007798   0x08007798   0x0000002e   Code   RO         1973    .text.vPortExitCritical  port.o
    0x080077c6   0x080077c6   0x00000002   PAD
    0x080077c8   0x080077c8   0x000000de   Code   RO         1935    .text.vPortFree     heap_4.o
    0x080078a6   0x080078a6   0x00000002   PAD
    0x080078a8   0x080078a8   0x00000034   Code   RO         1963    .text.vPortSetupTimerInterrupt  port.o
    0x080078dc   0x080078dc   0x00000058   Code   RO         1538    .text.vQueueAddToRegistry  queue.o
    0x08007934   0x08007934   0x00000052   Code   RO         1542    .text.vQueueWaitForMessageRestricted  queue.o
    0x08007986   0x08007986   0x00000002   PAD
    0x08007988   0x08007988   0x00000012   Code   RO         1667    .text.vTaskInternalSetTimeOutState  tasks.o
    0x0800799a   0x0800799a   0x00000002   PAD
    0x0800799c   0x0800799c   0x0000000e   Code   RO         1671    .text.vTaskMissedYield  tasks.o
    0x080079aa   0x080079aa   0x00000002   PAD
    0x080079ac   0x080079ac   0x00000074   Code   RO         1655    .text.vTaskPlaceOnEventList  tasks.o
    0x08007a20   0x08007a20   0x0000007a   Code   RO         1659    .text.vTaskPlaceOnEventListRestricted  tasks.o
    0x08007a9a   0x08007a9a   0x00000002   PAD
    0x08007a9c   0x08007a9c   0x000000f0   Code   RO         1635    .text.vTaskStartScheduler  tasks.o
    0x08007b8c   0x08007b8c   0x00000010   Code   RO         1613    .text.vTaskSuspendAll  tasks.o
    0x08007b9c   0x08007b9c   0x000000cc   Code   RO         1629    .text.vTaskSwitchContext  tasks.o
    0x08007c68   0x08007c68   0x00000188   Code   RO         1961    .text.xPortStartScheduler  port.o
    0x08007df0   0x08007df0   0x0000002e   Code   RO         1977    .text.xPortSysTickHandler  port.o
    0x08007e1e   0x08007e1e   0x00000002   PAD
    0x08007e20   0x08007e20   0x000000da   Code   RO         1480    .text.xQueueGenericCreateStatic  queue.o
    0x08007efa   0x08007efa   0x00000002   PAD
    0x08007efc   0x08007efc   0x000002c6   Code   RO         1494    .text.xQueueGenericSend  queue.o
    0x080081c2   0x080081c2   0x00000002   PAD
    0x080081c4   0x080081c4   0x00000244   Code   RO         1510    .text.xQueueReceive  queue.o
    0x08008408   0x08008408   0x0000009a   Code   RO         1669    .text.xTaskCheckForTimeOut  tasks.o
    0x080084a2   0x080084a2   0x00000002   PAD
    0x080084a4   0x080084a4   0x00000060   Code   RO         1607    .text.xTaskCreate   tasks.o
    0x08008504   0x08008504   0x00000076   Code   RO         1601    .text.xTaskCreateStatic  tasks.o
    0x0800857a   0x0800857a   0x00000002   PAD
    0x0800857c   0x0800857c   0x0000001e   Code   RO         1683    .text.xTaskGetSchedulerState  tasks.o
    0x0800859a   0x0800859a   0x00000002   PAD
    0x0800859c   0x0800859c   0x0000000c   Code   RO         1643    .text.xTaskGetTickCount  tasks.o
    0x080085a8   0x080085a8   0x00000104   Code   RO         1641    .text.xTaskIncrementTick  tasks.o
    0x080086ac   0x080086ac   0x0000008e   Code   RO         1687    .text.xTaskPriorityDisinherit  tasks.o
    0x0800873a   0x0800873a   0x00000002   PAD
    0x0800873c   0x0800873c   0x00000072   Code   RO         1661    .text.xTaskRemoveFromEventList  tasks.o
    0x080087ae   0x080087ae   0x00000002   PAD
    0x080087b0   0x080087b0   0x000000ee   Code   RO         1615    .text.xTaskResumeAll  tasks.o
    0x0800889e   0x0800889e   0x00000002   PAD
    0x080088a0   0x080088a0   0x000000b4   Code   RO         1720    .text.xTimerCreateTimerTask  timers.o
    0x08008954   0x08008954   0x0000000e   Code   RO         2037    i._is_digit         c_w.l(__printf_wp.o)
    0x08008962   0x08008962   0x00000002   PAD
    0x08008964   0x08008964   0x0000002c   Code   RO         2147    locale$$code        c_w.l(lc_ctype_c.o)
    0x08008990   0x08008990   0x0000001a   Code   RO         2219    x$fpl$fpinit        fz_wm.l(fpinit.o)
    0x080089aa   0x080089aa   0x00000028   Data   RO         2010    .constdata          c_w.l(_printf_hex_int.o)
    0x080089d2   0x080089d2   0x00000011   Data   RO         2040    .constdata          c_w.l(__printf_flags_wp.o)
    0x080089e3   0x080089e3   0x00000010   Data   RO         1412    .rodata.AHBPrescTable  system_stm32l4xx.o
    0x080089f3   0x080089f3   0x00000008   Data   RO         1413    .rodata.APBPrescTable  system_stm32l4xx.o
    0x080089fb   0x080089fb   0x00000001   PAD
    0x080089fc   0x080089fc   0x00000030   Data   RO         1414    .rodata.MSIRangeTable  system_stm32l4xx.o
    0x08008a2c   0x08008a2c   0x00000010   Data   RO         1368    .rodata.cst16       stm32l4xx_hal_uart.o
    0x08008a3c   0x08008a3c   0x00000024   Data   RO           66    .rodata.defaultTask_attributes  main.o
    0x08008a60   0x08008a60   0x000000d0   Data   RO           65    .rodata.str1.1      main.o
    0x08008b30   0x08008b30   0x00000005   Data   RO         1760    .rodata.str1.1      timers.o
    0x08008b35   0x08008b35   0x00000003   PAD
    0x08008b38   0x08008b38   0x0000000d   Data   RO           71    .rodata.str1.4      main.o
    0x08008b45   0x08008b45   0x00000003   PAD
    0x08008b48   0x08008b48   0x00000020   Data   RO         2280    Region$$Table       anon$$obj.o
    0x08008b68   0x08008b68   0x00000110   Data   RO         2146    locale$$data        c_w.l(lc_ctype_c.o)


    Execution Region RW_IRAM2 (Exec base: 0x10000000, Load base: 0x08008c88, Size: 0x00000000, Max: 0x00004000, ABSOLUTE)

    **** No section assigned to this execution region ****


    Execution Region RW_IRAM1 (Exec base: 0x20000000, Load base: 0x08008c78, Size: 0x00002228, Max: 0x0000c000, ABSOLUTE)

    Exec Addr    Load Addr    Size         Type   Attr      Idx    E Section Name        Object

    0x20000000   0x08008c78   0x00000008   Data   RW          331    .data..L_MergedGlobals  stm32l4xx_hal.o
    0x20000008   0x08008c80   0x00000004   Data   RW         1411    .data.SystemCoreClock  system_stm32l4xx.o
    0x2000000c   0x08008c84   0x00000004   Data   RW         1981    .data.uxCriticalNesting  port.o
    0x20000010        -       0x00000060   Zero   RW         2135    .bss                c_w.l(libspace.o)
    0x20000070        -       0x00000054   Zero   RW           74    .bss..L_MergedGlobals  main.o
    0x200000c4        -       0x00000078   Zero   RW         1710    .bss..L_MergedGlobals  tasks.o
    0x2000013c        -       0x0000003c   Zero   RW         1761    .bss..L_MergedGlobals  timers.o
    0x20000178        -       0x00000020   Zero   RW         1946    .bss..L_MergedGlobals  heap_4.o
    0x20000198        -       0x00000008   Zero   RW         1982    .bss..L_MergedGlobals  port.o
    0x200001a0        -       0x00000028   Zero   RW         1711    .bss..L_MergedGlobals.2  tasks.o
    0x200001c8        -       0x00000004   Zero   RW         1920    .bss.KernelState    cmsis_os2.o
    0x200001cc        -       0x00000064   Zero   RW           70    .bss.hadc1          main.o
    0x20000230        -       0x00000054   Zero   RW           68    .bss.hi2c1          main.o
    0x20000284        -       0x0000004c   Zero   RW          145    .bss.htim1          stm32l4xx_hal_timebase_tim.o
    0x200002d0        -       0x0000004c   Zero   RW           69    .bss.htim2          main.o
    0x2000031c        -       0x00000084   Zero   RW           72    .bss.huart1         main.o
    0x200003a0        -       0x00000084   Zero   RW           67    .bss.huart2         main.o
    0x20000424        -       0x000000a0   Zero   RW         1759    .bss.prvCheckForValidListAndQueue.ucStaticTimerQueueStorage  timers.o
    0x200004c4        -       0x00000050   Zero   RW         1758    .bss.prvCheckForValidListAndQueue.xStaticTimerQueue  timers.o
    0x20000514        -       0x00000460   Zero   RW         1709    .bss.pxReadyTasksLists  tasks.o
    0x20000974        -       0x00000bb8   Zero   RW         1945    .bss.ucHeap         heap_4.o
    0x2000152c        -       0x00000004   Zero   RW          330    .bss.uwTick         stm32l4xx_hal.o
    0x20001530        -       0x00000200   Zero   RW         1922    .bss.vApplicationGetIdleTaskMemory.Idle_Stack  cmsis_os2.o
    0x20001730        -       0x0000005c   Zero   RW         1921    .bss.vApplicationGetIdleTaskMemory.Idle_TCB  cmsis_os2.o
    0x2000178c        -       0x00000400   Zero   RW         1924    .bss.vApplicationGetTimerTaskMemory.Timer_Stack  cmsis_os2.o
    0x20001b8c        -       0x0000005c   Zero   RW         1923    .bss.vApplicationGetTimerTaskMemory.Timer_TCB  cmsis_os2.o
    0x20001be8        -       0x00000040   Zero   RW         1544    .bss.xQueueRegistry  queue.o
    0x20001c28        -       0x00000200   Zero   RW            2    HEAP                startup_stm32l432xx.o
    0x20001e28        -       0x00000400   Zero   RW            1    STACK               startup_stm32l432xx.o


==============================================================================

Image component sizes


      Code (inc. data)   RO Data    RW Data    ZI Data      Debug   Object Name

       332          0          0          0       1724      42859   cmsis_os2.o
       710          0          0          0       3032       5948   heap_4.o
       186          0          0          0          0       2375   list.o
      6608        600        257          0        608      34392   main.o
       932         16          0          4          8       4403   port.o
      1794          0          0          0         64      30879   queue.o
        64         26        396          0       1536        848   startup_stm32l432xx.o
       108          0          0          8          4       7644   stm32l4xx_hal.o
      1346         16          0          0          0      26287   stm32l4xx_hal_adc.o
       152          0          0          0          0      10051   stm32l4xx_hal_cortex.o
       158          0          0          0          0       7648   stm32l4xx_hal_dma.o
       486          0          0          0          0       5342   stm32l4xx_hal_gpio.o
      3320          0          0          0          0      63621   stm32l4xx_hal_i2c.o
       146          0          0          0          0       6109   stm32l4xx_hal_i2c_ex.o
       802          0          0          0          0      15027   stm32l4xx_hal_msp.o
        18          0          0          0          0       5492   stm32l4xx_hal_pwr.o
       156          0          0          0          0       8773   stm32l4xx_hal_pwr_ex.o
      2958          0          0          0          0      12140   stm32l4xx_hal_rcc.o
       990          0          0          0          0      13909   stm32l4xx_hal_rcc_ex.o
      1902         14          0          0          0      63248   stm32l4xx_hal_tim.o
       114          0          0          0          0      23226   stm32l4xx_hal_tim_ex.o
       140          0          0          0         76       6878   stm32l4xx_hal_timebase_tim.o
      3430         48         16          0          0      36109   stm32l4xx_hal_uart.o
         2          0          0          0          0       8847   stm32l4xx_hal_uart_ex.o
        54          0          0          0          0       6022   stm32l4xx_it.o
        18          0         72          4          0       2973   system_stm32l4xx.o
      2938          8          0          0       1280      44823   tasks.o
      1070         18          5          0        300      16701   timers.o

    ----------------------------------------------------------------------
     31108        746        785         16       8632     512574   Object Totals
         0          0         32          0          0          0   (incl. Generated)
       174          0          7          0          0          0   (incl. Padding)

    ----------------------------------------------------------------------

      Code (inc. data)   RO Data    RW Data    ZI Data      Debug   Library Member Name

        60          8          0          0          0         84   __0sscanf.o
        64          6          0          0          0         84   __2snprintf.o
         8          0          0          0          0         68   __main.o
       318          4         17          0          0         92   __printf_flags_wp.o
        14          0          0          0          0         68   __printf_wp.o
         0          0          0          0          0          0   __rtentry.o
        12          0          0          0          0          0   __rtentry2.o
         6          0          0          0          0          0   __rtentry4.o
        94          8          0          0          0          0   __scatter.o
        26          0          0          0          0          0   __scatter_copy.o
        28          0          0          0          0          0   __scatter_zi.o
        28          0          0          0          0         68   _chval.o
        44          0          0          0          0        108   _printf_char.o
        48          6          0          0          0         96   _printf_char_common.o
         6          0          0          0          0          0   _printf_d.o
       120         16          0          0          0         92   _printf_dec.o
        88          4         40          0          0         88   _printf_hex_int.o
       178          0          0          0          0         88   _printf_intcommon.o
        78          0          0          0          0        108   _printf_pad.o
         0          0          0          0          0          0   _printf_percent.o
         4          0          0          0          0          0   _printf_percent_end.o
         6          0          0          0          0          0   _printf_s.o
        82          0          0          0          0         80   _printf_str.o
         6          0          0          0          0          0   _printf_x.o
       890          6          0          0          0        100   _scanf.o
       338          0          0          0          0         96   _scanf_int.o
        64          0          0          0          0         84   _sgetc.o
        16          0          0          0          0         68   _snputc.o
        16          0          0          0          0         68   aeabi_memset4.o
        18          0          0          0          0         80   exit.o
         6          0          0          0          0        152   heapauxi.o
         0          0          0          0          0          0   indicate_semi.o
        18          0          0          0          0         76   isspace.o
        44         10        272          0          0         76   lc_ctype_c.o
         2          0          0          0          0          0   libinit.o
        24          0          0          0          0          0   libinit2.o
         2          0          0          0          0          0   libshutdown.o
         2          0          0          0          0          0   libshutdown2.o
         8          4          0          0         96         68   libspace.o
       240          0          0          0          0        100   lludivv7m.o
        16          4          0          0          0         76   rt_ctype_table.o
         8          4          0          0          0         68   rt_locale_intlibspace.o
        78          0          0          0          0         80   rt_memclr_w.o
       138          0          0          0          0         68   rt_memcpy_v6.o
       100          0          0          0          0         80   rt_memcpy_w.o
         2          0          0          0          0          0   rtexit.o
        10          0          0          0          0          0   rtexit2.o
        44          8          0          0          0         84   scanf_char.o
        20          0          0          0          0         68   strchr.o
       124          0          0          0          0         88   strcmpv7em.o
        62          0          0          0          0         76   strlen.o
        12          4          0          0          0         68   sys_exit.o
        74          0          0          0          0         80   sys_stackheap_outer.o
         2          0          0          0          0         68   use_no_semi.o
        26          0          0          0          0        116   fpinit.o

    ----------------------------------------------------------------------
      3738         92        329          0         96       3112   Library Totals
        16          0          0          0          0          0   (incl. Padding)

    ----------------------------------------------------------------------

      Code (inc. data)   RO Data    RW Data    ZI Data      Debug   Library Name

      3696         92        329          0         96       2996   c_w.l
        26          0          0          0          0        116   fz_wm.l

    ----------------------------------------------------------------------
      3738         92        329          0         96       3112   Library Totals

    ----------------------------------------------------------------------

==============================================================================


      Code (inc. data)   RO Data    RW Data    ZI Data      Debug   

     34846        838       1114         16       8728     513570   Grand Totals
     34846        838       1114         16       8728     513570   ELF Image Totals
     34846        838       1114         16          0          0   ROM Totals

==============================================================================

    Total RO  Size (Code + RO Data)                35960 (  35.12kB)
    Total RW  Size (RW Data + ZI Data)              8744 (   8.54kB)
    Total ROM Size (Code + RO Data + RW Data)      35976 (  35.13kB)

==============================================================================

